graves-resolve 2026.10.04a (#504 — every fetch has a timeout: a stalled Wikipedia/Wikidata/REST connection is retried or falls back instead of hanging the run. Roster unchanged (26). Built on 10.02a.)
Mode: single metro — Chicago. Source tag: seed:wikidata-grave.
Require-wiki: ON. Grave-place gate (#342): ON — burial place must be a cemetery. Top 5 per cemetery coordinate (most famous first; ranks 2..N on the 50 m anti-stack ring; require a description). Dedup: OFF.
Submissions-aware skip: 5316 existing 'seed:wikidata-grave' key(s) loaded from the DB (5316 row(s) read, paged; 4955 live, 361 retired/merged; 5280 distinct core names for the #384 override).

=== Chicago (41.8781, -87.6298), bbox ±40 km ===
  page @0: 300 rows (total 300)
  page @300: 300 rows (total 600)
  page @600: 300 rows (total 900)
  page @900: 300 rows (total 1200)
  page @1200: 300 rows (total 1500)
  page @1500: 204 rows (total 1704)
Wikidata returned 1704 raw articled-burial row(s) in the Chicago bbox.
  ⊘ 19 person(s) whose P119 burial place is NOT a cemetery — rejected (#342): Theodore L. Kramer → Elmhurst, Edward "Moose" Cholak → Evergreen Park, Gordon Jennings Laing → Chicago, Mildred Agnes Martinez → Glenwood, Wadea Al-Fayoume → Bridgeview, Lawrence Dixon → Worth Township, Margery J. Turner → Stickney, Adeem Hashmi → Chicago, Jonas Šliūpas → Chicago, Eugene Polley → Wheaton, Steve Goodman → Wrigley Field, Martha Hillard MacLeish → Chicago, John Prine → Chicago, Phil Guy → Homewood, Mary Emma Holmes → Chicago, Judith Krug → Arlington Heights, Joy Morton → Lisle, Rolf Singer → Lincolnwood, Gregorij Rožman → Lemont
Distinct notable people (with a Wikipedia article) and a CEMETERY burial coordinate: 1591 (+19 rejected — burial place not a cemetery, #342).
  ⊚ 8 person(s) had 2+ burial coordinates — kept one each (#378): Albert Parsons, Lucy Parsons, Boris Yelensky, June Travis, Edward Fitzsimmons Dunne, Harry Kelly, Fred W. Thompson, Edward Ross Balchowsky
  ⤿ Enrico Fermi — already loaded in submissions (skipped)
  ⤿ Jesse Owens — already loaded in submissions (skipped)
  ⤿ James Franck — already loaded in submissions (skipped)
  ⤿ Jesse Jackson — already loaded in submissions (skipped)
  ⤿ Mircea Eliade — already loaded in submissions (skipped)
  ⤿ Jazep Varonka — already loaded in submissions (skipped)
  ⤿ Bennett M. Stewart — already loaded in submissions (skipped)
  ⤿ Ron Sobieszczyk — already loaded in submissions (skipped)
  ⤿ Harrison Spence — already loaded in submissions (skipped)
  ⤿ John Siomos — already loaded in submissions (skipped)
  ⤿ Rollin S. Williamson — already loaded in submissions (skipped)
  ⤿ Roger Ebert — already loaded in submissions (skipped)
  ⤿ Ludwig Mies van der Rohe — already loaded in submissions (skipped)
  ⤿ Ronald Coase — already loaded in submissions (skipped)
  ⤿ Louis Sullivan — already loaded in submissions (skipped)
  ⤿ László Moholy-Nagy — already loaded in submissions (skipped)
  ⤿ Charles G. Dawes — already loaded in submissions (skipped)
  ⤿ Avery Brundage — already loaded in submissions (skipped)
  ⤿ Elisha Gray — already loaded in submissions (skipped)
  ⤿ Frances Willard — already loaded in submissions (skipped)
  ⤿ Milton Sills — already loaded in submissions (skipped)
  ⤿ Carey Bell — already loaded in submissions (skipped)
  ⤿ Ernie Terrell — already loaded in submissions (skipped)
  ⤿ Gustavus Franklin Swift — already loaded in submissions (skipped)
  ⤿ Eddie Perkins — already loaded in submissions (skipped)
  ⤿ Claire Dux — already loaded in submissions (skipped)
  ⤿ King Kolax — already loaded in submissions (skipped)
  ⤿ George Stokes — already loaded in submissions (skipped)
  ⤿ Ralph Metcalfe — already loaded in submissions (skipped)
  ⤿ Helen Morgan — already loaded in submissions (skipped)
  ⤿ Richard J. Daley — already loaded in submissions (skipped)
  ⤿ Dawn Brancheau — already loaded in submissions (skipped)
  ⤿ Charley Straight — already loaded in submissions (skipped)
  ⤿ Tony Bettenhausen — already loaded in submissions (skipped)
  ⤿ Lucy Parsons — already loaded in submissions (skipped)
  ⤿ Gus Hall — already loaded in submissions (skipped)
  ⤿ Albert Parsons — already loaded in submissions (skipped)
  ⤿ Doris Humphrey — already loaded as "Grave of Doris Humphrey" (skipped)
  ⤿ Billy Sunday — already loaded as "Grave of Billy Sunday" (skipped)
  ⤿ Gwendolyn Brooks — already loaded in submissions (skipped)
  ⤿ Bessie Coleman — already loaded in submissions (skipped)
  ⤿ Jimmy Reed — already loaded in submissions (skipped)
  ⤿ Big Bill Broonzy — already loaded in submissions (skipped)
  ⤿ Lil Hardin Armstrong — already loaded in submissions (skipped)
  ⤿ Algis Budrys — already loaded in submissions (skipped)
  ⤿ Adam Wolanin — already loaded in submissions (skipped)
  ⤿ Judith D. Sally — already loaded in submissions (skipped)
  ⤿ Feliks Konarski — already loaded in submissions (skipped)
  ⤿ Paul Sally — already loaded in submissions (skipped)
  ⤿ Al Capone — already loaded in submissions (skipped)
  ⤿ Dennis Farina — already loaded in submissions (skipped)
  ⤿ Sam Giancana — already loaded in submissions (skipped)
  ⤿ Frank Nitti — already loaded in submissions (skipped)
  ⤿ Joseph Bernardin — already loaded in submissions (skipped)
  ⤿ Muddy Waters — already loaded in submissions (skipped)
  ⤿ Dinah Washington — already loaded in submissions (skipped)
  ⤿ Emmett Till — already loaded in submissions (skipped)
  ⤿ King Von — already loaded in submissions (skipped)
  ⤿ Willie Dixon — already loaded in submissions (skipped)
  ⤿ Lil Green — already loaded in submissions (skipped)
  ⤿ John Brim — already loaded in submissions (skipped)
  ⤿ Al Smith — already loaded in submissions (skipped)
  ⤿ Thomas Knotts — already loaded in submissions (skipped)
  ⤿ Vic Krafft — already loaded in submissions (skipped)
  ⤿ James Thomas Farrell — already loaded in submissions (skipped)
  ⤿ George Peter Alexander Healy — already loaded in submissions (skipped)
  ⤿ Jane Byrne — already loaded in submissions (skipped)
  ⤿ Jimmy Barry — already loaded in submissions (skipped)
  ⤿ Charles Comiskey — already loaded in submissions (skipped)
  ⤿ Dale T. Mortensen — already loaded in submissions (skipped)
  ⤿ Jerry Springer — already loaded in submissions (skipped)
  ⤿ Elaine Stritch — already loaded in submissions (skipped)
  ⤿ Robert Reed — already loaded in submissions (skipped)
  ⤿ Alan Curtis — already loaded in submissions (skipped)
  ⤿ Jack Ruby — already loaded in submissions (skipped)
  ⤿ Shel Silverstein — already loaded in submissions (skipped)
  ⤿ Gene Siskel — already loaded in submissions (skipped)
  ⤿ Virginia Lee Corbin — already loaded in submissions (skipped)
  ⤿ Leonard Chess — already loaded in submissions (skipped)
  ⤿ Packey McFarland — already loaded in submissions (skipped)
  ⤿ Margaret Haley — already loaded in submissions (skipped)
  ⤿ John J. Feely — already loaded in submissions (skipped)
  ⤿ Charles L. Wallace — already loaded in submissions (skipped)
  ⤿ Michael O'Hare — already loaded in submissions (skipped)
  ⤿ Antoni Zygmund — already loaded in submissions (skipped)
  ⤿ George Halas — already loaded in submissions (skipped)
  ⤿ Dan Rostenkowski — already loaded in submissions (skipped)
  ⤿ Thomas Sylvy Gordon — already loaded in submissions (skipped)
  ⤿ Tony Accardo — already loaded in submissions (skipped)
  ⤿ Gino Gardassanich — already loaded in submissions (skipped)
  ⤿ Paul Ricca — already loaded in submissions (skipped)
  ⤿ Lanny Poffo — already loaded in submissions (skipped)
  ⤿ Andrew Greeley — already loaded in submissions (skipped)
  ⤿ Margaret Landon — already loaded in submissions (skipped)
  ⤿ Jimmy Piersall — already loaded in submissions (skipped)
  ⤿ Elbert Henry Gary — already loaded in submissions (skipped)
  ⤿ Marcellus Jones — already loaded in submissions (skipped)
  ⤿ James Foulis — already loaded in submissions (skipped)
  ⤿ Frank Knight — already loaded in submissions (skipped)
  ⤿ Hans Gustav Güterbock — already loaded in submissions (skipped)
  ⤿ Morton D. Hull — already loaded in submissions (skipped)
  ⤿ Hans Zeisel — already loaded in submissions (skipped)
  ⤿ Helen Kotas Hirsch — already loaded in submissions (skipped)
  ⤿ Fred Faulkner Lester — already loaded in submissions (skipped)
  ⤿ James W. Robinson, Jr. — already loaded in submissions (skipped)
  ⤿ Jim Rexilius — already loaded in submissions (skipped)
  ⤿ Johnny Kerr — already loaded in submissions (skipped)
  ⤿ Steve McMichael — already loaded in submissions (skipped)
  ⤿ Adam Emory Albright — already loaded in submissions (skipped)
  ⤿ Larry Strands — already loaded in submissions (skipped)
  ⤿ Erv Dusak — already loaded in submissions (skipped)
  ⤿ Jay Marshall — already loaded in submissions (skipped)
  ⤿ Hugh "Shorty" Ray — already loaded in submissions (skipped)
  ⤿ Alfred Henry Spink — already loaded in submissions (skipped)
  ⤿ Gustav Anders Hemwall — already loaded in submissions (skipped)
  ⤿ Emma Goldman — already loaded in submissions (skipped)
  ⤿ Voltairine de Cleyre — already loaded in submissions (skipped)
  ⤿ Elizabeth Gurley Flynn — already loaded in submissions (skipped)
  ⤿ Joe Hill — already loaded in submissions (skipped)
  ⤿ Joseph Dietzgen — already loaded in submissions (skipped)
  ⤿ Eddie Blazonczyk — already loaded in submissions (skipped)
  ⤿ John G. Fary — already loaded in submissions (skipped)
  ⤿ A. F. Maciejewski — already loaded in submissions (skipped)
  ⤿ Martin Gorski — already loaded in submissions (skipped)
  ⤿ Johnny Ostrowski — already loaded in submissions (skipped)
  ⤿ Sybil Bauer — already loaded in submissions (skipped)
  ⤿ Niels Juul — already loaded in submissions (skipped)
  ⤿ Harry Juul — already loaded in submissions (skipped)
  ⤿ Toimi Jarvi — already loaded in submissions (skipped)
  ⤿ Mike Todd — already loaded in submissions (skipped)
  ⤿ Samuel H. Shapiro — already loaded in submissions (skipped)
  ⤿ Ulysses Davis — already loaded in submissions (skipped)
  ⤿ Jacob Bolotin — already loaded in submissions (skipped)
  ⤿ Barney Balaban — already loaded in submissions (skipped)
  ⤿ Harry Hebner — already loaded in submissions (skipped)
  ⤿ Paul Dresser — already loaded in submissions (skipped)
  ⤿ Sarah Hackett Stevenson — already loaded in submissions (skipped)
  ⤿ Thomas Gallagher — already loaded in submissions (skipped)
  ⤿ Germany Schaefer — already loaded in submissions (skipped)
  ⤿ Jermaine Stewart — already loaded in submissions (skipped)
  ⤿ Son Seals — already loaded in submissions (skipped)
  ⤿ John Miller — already loaded in submissions (skipped)
  ⤿ Lefty Bates — already loaded in submissions (skipped)
  ⤿ John Sullivan — already loaded in submissions (skipped)
  ⤿ Francis George — already loaded in submissions (skipped)
  ⤿ Annette Rogers — already loaded in submissions (skipped)
  ⤿ Henry Darger — already loaded in submissions (skipped)
  ⤿ Barrett Deems — already loaded in submissions (skipped)
  ⤿ Gabby Hartnett — already loaded in submissions (skipped)
  ⤿ Howlin' Wolf — already loaded in submissions (skipped)
  ⤿ Vera Pless — already loaded in submissions (skipped)
  ⤿ Dee Clark — already loaded in submissions (skipped)
  ⤿ Harold Gray — already loaded in submissions (skipped)
  ⤿ Mighty Joe Young — already loaded in submissions (skipped)
  ⤿ Carl R. Chindblom — already loaded in submissions (skipped)
  ⤿ Jerry Nagel — already loaded in submissions (skipped)
  ⤿ Tom Asmussen — already loaded in submissions (skipped)
  ⤿ Hugh Gallarneau — already loaded in submissions (skipped)
  ⤿ Elijah Muhammad — already loaded in submissions (skipped)
  ⤿ Marshall Taylor — already loaded in submissions (skipped)
  ⤿ Lovie Austin — already loaded in submissions (skipped)
  ⤿ Edith Wilson — already loaded in submissions (skipped)
  ⤿ Walter Barnes — already loaded in submissions (skipped)
  ⤿ Aaron Swartz — already loaded in submissions (skipped)
  ⤿ Harold Ramis — already loaded in submissions (skipped)
  ⤿ Gene H. Golub — already loaded in submissions (skipped)
  ⤿ Howie Carl — already loaded in submissions (skipped)
  ⤿ Laurie Dann — already loaded in submissions (skipped)
  ⤿ Paul Marcinkus — already loaded in submissions (skipped)
  ⤿ Povilas Plechavičius — already loaded in submissions (skipped)
  ⤿ Kazys Pakštas — already loaded in submissions (skipped)
  ⤿ Leonas Prapuolenis — already loaded in submissions (skipped)
  ⤿ Aleksandras Račkus — already loaded in submissions (skipped)
  ⤿ Anton Cermak — already loaded in submissions (skipped)
  ⤿ Vlasta Vraz — already loaded in submissions (skipped)
  ⤿ Charles Vopicka — already loaded in submissions (skipped)
  ⤿ Elsie Paroubek — already loaded in submissions (skipped)
  ⤿ Otto Kerner, Sr. — already loaded in submissions (skipped)
  ⤿ Conrad Magnusson — already loaded in submissions (skipped)
  ⤿ Red Faber — already loaded in submissions (skipped)
  ⤿ Mike Royko — already loaded in submissions (skipped)
  ⤿ Albert Henry Krehbiel — already loaded in submissions (skipped)
  ⤿ Alvah Curtis Roebuck — already loaded in submissions (skipped)
  ⤿ Tampa Red — already loaded in submissions (skipped)
  ⤿ Jan F. Esser — already loaded in submissions (skipped)
  ⤿ Joseph Weil — already loaded in submissions (skipped)
  ⤿ Sandra Bland — already loaded in submissions (skipped)
  ⤿ Charles McGavin — already loaded in submissions (skipped)
  ⤿ Battling Nelson — already loaded in submissions (skipped)
  ⤿ Gary Famiglietti — already loaded in submissions (skipped)
  ⤿ Hellmut W. Stolle — already loaded in submissions (skipped)
  ⤿ William Rainey Harper — already loaded in submissions (skipped)
  ⤿ Edward H. Levi — already loaded in submissions (skipped)
  ⤿ Lawrence A. Kimpton — already loaded in submissions (skipped)
  ⤿ Bernie Mac — already loaded in submissions (skipped)
  ⤿ Koko Taylor — already loaded in submissions (skipped)
  ⤿ Luther Allison — already loaded in submissions (skipped)
  ⤿ Katie Hall — already loaded in submissions (skipped)
  ⤿ Major Lance — already loaded in submissions (skipped)
  ⤿ George Wendt — already loaded in submissions (skipped)
  ⤿ Little Walter — already loaded in submissions (skipped)
  ⤿ Michael Anthony Bilandic — already loaded in submissions (skipped)
  ⤿ Eddie Gaedel — already loaded in submissions (skipped)
  ⤿ Martin Patrick Durkin — already loaded in submissions (skipped)
  ⤿ Edward Sternaman — already loaded in submissions (skipped)
  ⤿ Jens Christian Bay — already loaded in submissions (skipped)
  ⤿ Eden T. Brekke — already loaded in submissions (skipped)
  ⤿ Bobby Walston — already loaded in submissions (skipped)
  ⤿ Dick Starzyk — already loaded in submissions (skipped)
  ⤿ Kazys Grinius — already loaded in submissions (skipped)
  ⤿ Maurice Tillet — already loaded in submissions (skipped)
  ⤿ Marius Katiliškis — already loaded in submissions (skipped)
  ⤿ Adomas Varnas — already loaded in submissions (skipped)
  ⤿ Jack Karwales — already loaded in submissions (skipped)
  ⤿ Baby Face Nelson — already loaded in submissions (skipped)
  ⤿ Marty Marsala — already loaded in submissions (skipped)
  ⤿ Robert L. May — already loaded in submissions (skipped)
  ⤿ Roman Pucinski — already loaded in submissions (skipped)
  ⤿ Tom Hughes — already loaded in submissions (skipped)
  ⤿ Saul Alinsky — already loaded in submissions (skipped)
  ⤿ Dankmar Adler — already loaded in submissions (skipped)
  ⤿ Barney Ross — already loaded in submissions (skipped)
  ⤿ Abner Mikva — already loaded in submissions (skipped)
  ⤿ Henry Horner — already loaded in submissions (skipped)
  ⤿ Sam C. Sarkesian — already loaded in submissions (skipped)
  ⤿ Albert W. Hachmeister — already loaded in submissions (skipped)
  ⤿ Fred Goetz — already loaded in submissions (skipped)
  ⤿ Frank Gusenberg — already loaded in submissions (skipped)
  ⤿ Peter Gusenberg — already loaded in submissions (skipped)
  ⤿ William Cornelius Van Horne — already loaded in submissions (skipped)
  ⤿ Joel Aldrich Matteson — already loaded in submissions (skipped)
  ⤿ Charles A. Hill — already loaded in submissions (skipped)
  ⤿ Jesse Olds Norton — already loaded in submissions (skipped)
  ⤿ Adele Fay Williams — already loaded in submissions (skipped)
  ⤿ Jim Finks — already loaded in submissions (skipped)
  ⤿ Terry Brennan — already loaded in submissions (skipped)
  ⤿ Charles Bidwill Jr. — already loaded in submissions (skipped)
  ⤿ Rich Vogler — already loaded in submissions (skipped)
  ⤿ Benjamin True Gault — already loaded in submissions (skipped)
  ⤿ Gaston Strobino — already loaded in submissions (skipped)
  ⤿ Ray Schalk — already loaded in submissions (skipped)
  ⤿ Todd Bell — already loaded in submissions (skipped)
  ⤿ Josephine "Ma" Bogash — already loaded in submissions (skipped)
  ⤿ Jim Bradley — already loaded in submissions (skipped)
  ⤿ William Wilson Cooke — already loaded in submissions (skipped)
  ⤿ Ira Couch — already loaded in submissions (skipped)
  ⤿ Albert Volz — already loaded in submissions (skipped)
  ⤿ Lizzie Barnes — already loaded in submissions (skipped)
  ⤿ Gene Krupa — already loaded in submissions (skipped)
  ⤿ Richard Dickson Cudahy — already loaded in submissions (skipped)
  ⤿ Jim Stanley — already loaded in submissions (skipped)
  ⤿ John Rice — already loaded in submissions (skipped)
  ⤿ Ed Mikan — already loaded in submissions (skipped)
  ⤿ George M. O'Brien — already loaded in submissions (skipped)
  ⤿ Eugene Field — already loaded in submissions (skipped)
  ⤿ Jane M. Barnes — already loaded in submissions (skipped)
  ⤿ Teddy Falda — already loaded in submissions (skipped)
  ⤿ Gary Loizzo — already loaded in submissions (skipped)
  ⤿ Eileen O'Brien — already loaded in submissions (skipped)
  ⤿ Marian McPartland — already loaded in submissions (skipped)
  ⤿ Jimmy McPartland — already loaded in submissions (skipped)
  ⤿ Albert E. Bennett — already loaded in submissions (skipped)
  ⤿ William T. Schulte — already loaded in submissions (skipped)
  ⤿ Emilio A. De La Garza — already loaded in submissions (skipped)
  ⤿ Iva Toguri D'Aquino — already loaded in submissions (skipped)
  ⤿ Dinkha IV — already loaded in submissions (skipped)
  ⤿ Bugs Raymond — already loaded in submissions (skipped)
  ⤿ Frank Meinke — already loaded in submissions (skipped)
  ⤿ Carl Wanderer — already loaded in submissions (skipped)
  ⤿ John Curulewski — already loaded in submissions (skipped)
  ⤿ Andrew Gregory Grutka — already loaded in submissions (skipped)
  ⤿ Stan Mikita — already loaded in submissions (skipped)
  ⤿ Jay Berwanger — already loaded in submissions (skipped)
  ⤿ Robert A. Childs — already loaded in submissions (skipped)
  ⤿ Daniel Kimball Pearsons — already loaded in submissions (skipped)
  ⤿ Steve Neal — already loaded in submissions (skipped)
  ⤿ Arthur W. Bates — already loaded in submissions (skipped)
  ⤿ Roy Brown — already loaded in submissions (skipped)
  ⤿ Richard A. Mugalian — already loaded in submissions (skipped)
  ⤿ Martin H. Kennelly — already loaded in submissions (skipped)
  ⤿ Frank Capone — already loaded in submissions (skipped)
  ⤿ Jules Levy — already loaded in submissions (skipped)
  ⤿ Archibald Motley — already loaded as "Grave of Archibald Motley" (skipped)
  ⤿ P. H. Moynihan — already loaded as "Grave of P. H. Moynihan" (skipped)
  ⤿ Matt Lamb — already loaded in submissions (skipped)
  ⤿ True Williams — already loaded in submissions (skipped)
  ⤿ William Howard Arnold — already loaded in submissions (skipped)
  ⤿ John Chickerneo — already loaded in submissions (skipped)
  ⤿ Henryk Malak — already loaded in submissions (skipped)
  ⤿ Joe Kopcha — already loaded in submissions (skipped)
  ⤿ Dan Blake — already loaded in submissions (skipped)
  ⤿ Ted Karras Sr. — already loaded in submissions (skipped)
  ⤿ Bobby Burke — already loaded in submissions (skipped)
  ⤿ Bob Hale — already loaded in submissions (skipped)
  ⤿ Billy Pierce — already loaded in submissions (skipped)
  ⤿ Ray Poat — already loaded in submissions (skipped)
  ⤿ Tony Zale — already loaded in submissions (skipped)
  ⤿ James V. Buckley — already loaded in submissions (skipped)
  ⤿ Billy Holm — already loaded in submissions (skipped)
  ⤿ Ashton Stevens — already loaded in submissions (skipped)
  ⤿ Richard Buhlig — already loaded in submissions (skipped)
  ⤿ Thomas P. Westendorf — already loaded in submissions (skipped)
  ⤿ Charles Callender — already loaded in submissions (skipped)
  ⤿ Robert Haslam — already loaded in submissions (skipped)
  ⤿ Andy Pafko — already loaded in submissions (skipped)
  ⤿ Ed Linke — already loaded in submissions (skipped)
  ⤿ Innocent Lotocky — already loaded in submissions (skipped)
  ⤿ Percy Lavon Julian — already loaded in submissions (skipped)
  ⤿ Albert Tangora — already loaded in submissions (skipped)
  ⤿ Neva Boyd — already loaded in submissions (skipped)
  ⤿ Daniel Keefe — already loaded in submissions (skipped)
  ⤿ Hannah G. Solomon — already loaded in submissions (skipped)
  ⤿ Emanuel M. Abrahams — already loaded in submissions (skipped)
  ⤿ Marcus Spiegel — already loaded in submissions (skipped)
  ⤿ Martin Barnaby Madden — already loaded in submissions (skipped)
  ⤿ Edward Kimble Valentine — already loaded in submissions (skipped)
  ⤿ Caroline Augusta Huling — already loaded in submissions (skipped)
  ⤿ Karl Berning — already loaded in submissions (skipped)
  ⤿ John Kinzie Clark — already loaded in submissions (skipped)
  ⤿ Allan B. Calhamer — already loaded in submissions (skipped)
  ⤿ Fred Beebe — already loaded in submissions (skipped)
  ⤿ Tom Foley — already loaded in submissions (skipped)
  ⤿ Hiram Norton — already loaded in submissions (skipped)
  ⤿ Herman Long — already loaded in submissions (skipped)
  ⤿ Friedrich Pfotenhauer — already loaded in submissions (skipped)
  ⤿ Faith Bacon — already loaded in submissions (skipped)
  ⤿ Frederick P. Dinkelberg — already loaded in submissions (skipped)
  ⤿ Nelsan Ellis — already loaded in submissions (skipped)
  ⤿ Ira Murchison — already loaded in submissions (skipped)
  ⤿ Bee Palmer — already loaded in submissions (skipped)
  ⤿ Carmel Bernon Harvey, Jr. — already loaded in submissions (skipped)
  ⤿ Jimmy Snyder — already loaded in submissions (skipped)
  ⤿ Elmer J. Hoffman — already loaded in submissions (skipped)
  ⤿ Don Bollweg — already loaded in submissions (skipped)
  ⤿ Deon Jackson — already loaded in submissions (skipped)
  ⤿ Deacon Donahue — already loaded in submissions (skipped)
  ⤿ William Grant Seaman — already loaded in submissions (skipped)
  ⤿ Marshall Goldberg — already loaded in submissions (skipped)
  ⤿ Mark Morton — already loaded in submissions (skipped)
  ⤿ John Otto Siegel — already loaded in submissions (skipped)
  ⤿ Mark Lenard — already loaded in submissions (skipped)
  ⤿ Henry Demarest Lloyd — already loaded in submissions (skipped)
  ⤿ John Gideon Searle — already loaded in submissions (skipped)
  ⤿ Walter F. Dodd — already loaded in submissions (skipped)
  ⤿ Johann Otto Hoch — already loaded in submissions (skipped)
  ⤿ Jasper Taylor — already loaded in submissions (skipped)
  ⤿ Bob Kramer — already loaded in submissions (skipped)
  ⤿ Thomas Roberts McMillen — already loaded in submissions (skipped)
  Chicago: 0 grave pin(s) (0 distinct-plot + 0 cemetery top-N), 1243 more covered by cemeteries.

--- summary ---
{
  "non-cemetery-burial": 19,
  "multi-p119-collapsed": 8,
  "covered-by-cemetery": 39,
  "already-loaded": 348
}
GRAVE PINS emitted: 0 (0 distinct-plot + 0 cemetery top-N [TOP_N=5, ring 50 m]). Descriptions: 0 Wikipedia intro, 0 Wikidata line.
COVERED BY CEMETERY (not emitted, beyond the top 5 at each): 1243 more notable people — see graves_report.json (outcome:"covered-by-cemetery").
TIMEOUTS (#504): Wikipedia intro 0 · Wikidata SPARQL 0 · nearby-places 0 (limits 20 s / 90 s / 180 s).

#384 HAND-PLACED GRAVES (trusted over Wikidata — not proposed): 3.
  ↷ "Grave of Eugene Polley" at (41.8492404, -88.1672817) — Wikidata puts Eugene Polley 4.9 km away at "Wheaton"
  ↷ "Grave of Judith Krug" at (42.131633, -87.998346) — Wikidata puts Judith Krug 4.3 km away at "Arlington Heights"
  ↷ "Grave of Joy Morton" at (41.819025, -88.0777083) — Wikidata puts Joy Morton 3.1 km away at "Lisle"
  (Confirm each is a deliberate hand placement. One you don't recognise is a wrong move — check graves_report.json.)
#384: 14 rejected grave(s) are already RETIRED in submissions — already dispositioned, not proposed: Theodore L. Kramer, Edward "Moose" Cholak, Gordon Jennings Laing, Mildred Agnes Martinez, Wadea Al-Fayoume, Lawrence Dixon, Margery J. Turner, Adeem Hashmi, Jonas Šliūpas, John Prine, Phil Guy, Mary Emma Holmes, Rolf Singer, Gregorij Rožman.

#342 grave-place audit: 0 LIVE misplaced graves — nothing to retire. Wrote an empty graves_audit.json.
wrote graves_records.json (load into submissions) and graves_report.json (every verdict).

#442 DUPLICATE LABELS: none — every row carries a distinct label.

NOTHING was written to the database. Review graves_report.json, then re-run with --commit to insert (or load graves_records.json manually).
