[gate-tiles] build gate-tiles 2026-10-04b (#509 tile --commit RETIRED; new --rebuild = delete + live rebuild with retries, no gating; GATE_METRO filter; carries #506 timeouts; roster unchanged (26)) — carries #356 grave-identity rung + MONOTONIC GRAVE BANK (#357-style deterministic reuse) + multi-query recall + title⊆name nickname match + --rewarm. #363 adds --prime-graves: resolve a supplied grave list ONCE, paced, out of band, and bank each confident hit so a later --rewarm bakes it onto the real OSM plot without the per-tile rate-limit fight.
[gate-tiles] function cacheVersion=v34  commit=false  gen=false  metros=ALL  reads=anon writes=service-role
[gate-tiles] 26 metro(s) → 1139 unique tiles (metroKm=15, tileDeg=0.05)
[gate-tiles] --rebuild --resume: 42 tile(s) in checkpoint (35 rebuilt — skipped; the rest retry).
[gate-tiles] --rebuild: 1104 of 1139 tile(s) to rebuild (≈580 min at ~30 s a tile). Each: delete → live rebuild → verify the new row (up to 6 tries, 30 s apart). No gating, nothing baked.
[gate-tiles] 1/1104 Chicago tile=835_-1756 rebuilt (try 3) places 36 → 36 · storied OSM 0 → 0
[gate-tiles] 2/1104 Chicago tile=835_-1755 rebuilt (try 2) places 40 → 40 · storied OSM 3 → 3
[gate-tiles] 3/1104 Chicago tile=835_-1754 FAILED after 6 tries — no row now; the next visitor builds it cold (re-run with --resume to retry)
[gate-tiles] 4/1104 Chicago tile=835_-1753 rebuilt (try 1) places 18 → 63 · storied OSM 8 → 6
[gate-tiles] 5/1104 Chicago tile=835_-1752 rebuilt (try 3) places 88 → 88 · storied OSM 11 → 23
[gate-tiles] 6/1104 Chicago tile=835_-1751 rebuilt (try 3) places 38 → 76 · storied OSM 25 → 13
[gate-tiles] 7/1104 Chicago tile=835_-1750 rebuilt (try 6) places 28 → 28 · storied OSM 1 → 1
[gate-tiles] 8/1104 Chicago tile=835_-1749 rebuilt (try 2) places 1 → 1 · storied OSM 0 → 0
[gate-tiles] 9/1104 Chicago tile=836_-1756 rebuilt (try 2) places 11 → 43 · storied OSM 2 → 2
[gate-tiles] 10/1104 Chicago tile=836_-1755 rebuilt (try 1) places 17 → 50 · storied OSM 7 → 1
[gate-tiles] 11/1104 Chicago tile=836_-1754 rebuilt (try 2) places 23 → 52 · storied OSM 16 → 9
[gate-tiles] 12/1104 Chicago tile=836_-1753 FAILED after 6 tries — no row now; the next visitor builds it cold (re-run with --resume to retry)
[gate-tiles] 13/1104 Chicago tile=836_-1752 rebuilt (try 4) places 66 → 100 · storied OSM 49 → 32
[gate-tiles] 14/1104 Chicago tile=836_-1751 rebuilt (try 3) places 55 → 93 · storied OSM 35 → 19
[gate-tiles] 15/1104 Chicago tile=836_-1750 rebuilt (try 1) places 0 → 0 · storied OSM 0 → 0
[gate-tiles] 16/1104 Chicago tile=836_-1749 rebuilt (try 2) places 0 → 0 · storied OSM 0 → 0
[gate-tiles] 17/1104 Chicago tile=837_-1756 rebuilt (try 1) places 64 → 64 · storied OSM 4 → 4
[gate-tiles] 18/1104 Chicago tile=837_-1755 rebuilt (try 2) places 17 → 44 · storied OSM 8 → 5
[gate-tiles] 19/1104 Chicago tile=837_-1754 rebuilt (try 5) places 63 → 63 · storied OSM 12 → 12
[gate-tiles] 20/1104 Chicago tile=837_-1753 rebuilt (try 1) places 56 → 96 · storied OSM 39 → 31
[gate-tiles] 21/1104 Chicago tile=837_-1752 rebuilt (try 4) places 59 → 92 · storied OSM 45 → 31
[gate-tiles] 22/1104 Chicago tile=837_-1751 rebuilt (try 2) places 16 → 16 · storied OSM 0 → 0
[gate-tiles] 23/1104 Chicago tile=837_-1750 rebuilt (try 2) places 0 → 0 · storied OSM 0 → 0
[gate-tiles] 24/1104 Chicago tile=837_-1749 FAILED after 6 tries — no row now; the next visitor builds it cold (re-run with --resume to retry)
[gate-tiles] 25/1104 Chicago tile=838_-1756 rebuilt (try 4) places 49 → 96 · storied OSM 23 → 18
[gate-tiles] 26/1104 Chicago tile=838_-1755 rebuilt (try 5) places 36 → 78 · storied OSM 18 → 17
[gate-tiles] 27/1104 Chicago tile=838_-1754 rebuilt (try 1) places 24 → 81 · storied OSM 11 → 15
[gate-tiles] nearby-places warm timed out after 180 s at 41.900,-87.650 — the re-read decides (no-row skip if it never built).
[gate-tiles] 28/1104 Chicago tile=838_-1753 rebuilt (try 3) places 91 → 91 · storied OSM 37 → 37
[gate-tiles] 29/1104 Chicago tile=838_-1752 rebuilt (try 2) places 101 → 101 · storied OSM 37 → 37
[gate-tiles] 30/1104 Chicago tile=838_-1751 rebuilt (try 3) places 23 → 26 · storied OSM 3 → 1
[gate-tiles] 31/1104 Chicago tile=838_-1750 rebuilt (try 4) places 0 → 0 · storied OSM 0 → 0
[gate-tiles] 32/1104 Chicago tile=838_-1749 rebuilt (try 2) places 0 → 0 · storied OSM 0 → 0
[gate-tiles] 33/1104 Chicago tile=839_-1756 rebuilt (try 2) places 22 → 52 · storied OSM 9 → 4
[gate-tiles] 34/1104 Chicago tile=839_-1755 rebuilt (try 1) places 59 → 59 · storied OSM 9 → 9
[gate-tiles] 35/1104 Chicago tile=839_-1754 rebuilt (try 2) places 77 → 77 · storied OSM 13 → 16
[gate-tiles] 36/1104 Chicago tile=839_-1753 rebuilt (try 2) places 88 → 88 · storied OSM 17 → 17
[gate-tiles] 37/1104 Chicago tile=839_-1752 rebuilt (try 1) places 39 → 66 · storied OSM 20 → 11
[gate-tiles] 38/1104 Chicago tile=839_-1751 rebuilt (try 1) places 1 → 1 · storied OSM 0 → 0
[gate-tiles] 39/1104 Chicago tile=839_-1750 rebuilt (try 1) places 0 → 0 · storied OSM 0 → 0
[gate-tiles] 40/1104 Chicago tile=839_-1749 rebuilt (try 2) places 0 → 0 · storied OSM 0 → 0
[gate-tiles] 41/1104 Chicago tile=840_-1756 rebuilt (try 2) places 65 → 65 · storied OSM 1 → 1
[gate-tiles] 42/1104 Chicago tile=840_-1755 rebuilt (try 2) places 25 → 69 · storied OSM 13 → 4
[gate-tiles] 43/1104 Chicago tile=840_-1754 rebuilt (try 1) places 74 → 74 · storied OSM 4 → 5
[gate-tiles] 44/1104 Chicago tile=840_-1753 rebuilt (try 1) places 67 → 67 · storied OSM 4 → 4
[gate-tiles] 45/1104 Chicago tile=840_-1752 rebuilt (try 2) places 18 → 18 · storied OSM 0 → 0
[gate-tiles] 46/1104 Chicago tile=840_-1751 rebuilt (try 4) places 0 → 0 · storied OSM 0 → 0
[gate-tiles] 47/1104 Chicago tile=840_-1750 rebuilt (try 2) places 0 → 0 · storied OSM 0 → 0
[gate-tiles] 48/1104 Chicago tile=840_-1749 FAILED after 6 tries — no row now; the next visitor builds it cold (re-run with --resume to retry)
[gate-tiles] 49/1104 New York tile=812_-1484 rebuilt (try 3) places 27 → 48 · storied OSM 9 → 7
[gate-tiles] 50/1104 New York tile=812_-1483 rebuilt (try 1) places 34 → 60 · storied OSM 20 → 9
[gate-tiles] 51/1104 New York tile=812_-1482 rebuilt (try 2) places 35 → 65 · storied OSM 21 → 12
[gate-tiles] 52/1104 New York tile=812_-1481 rebuilt (try 3) places 37 → 69 · storied OSM 17 → 8
[gate-tiles] 53/1104 New York tile=812_-1480 rebuilt (try 1) places 38 → 54 · storied OSM 23 → 16
[gate-tiles] 54/1104 New York tile=812_-1479 rebuilt (try 1) places 33 → 60 · storied OSM 17 → 13
[gate-tiles] 55/1104 New York tile=812_-1478 rebuilt (try 2) places 26 → 55 · storied OSM 8 → 3
[gate-tiles] 56/1104 New York tile=812_-1477 rebuilt (try 3) places 27 → 43 · storied OSM 15 → 3
[gate-tiles] 57/1104 New York tile=813_-1484 rebuilt (try 5) places 21 → 37 · storied OSM 6 → 2
[gate-tiles] 58/1104 New York tile=813_-1483 FAILED after 6 tries — no row now; the next visitor builds it cold (re-run with --resume to retry)
[gate-tiles] 59/1104 New York tile=813_-1482 rebuilt (try 3) places 38 → 64 · storied OSM 24 → 19
[gate-tiles] 60/1104 New York tile=813_-1481 rebuilt (try 1) places 43 → 70 · storied OSM 24 → 19
[gate-tiles] 61/1104 New York tile=813_-1480 rebuilt (try 2) places 30 → 72 · storied OSM 18 → 15
[gate-tiles] 62/1104 New York tile=813_-1479 FAILED after 6 tries — no row now; the next visitor builds it cold (re-run with --resume to retry)
[gate-tiles] 63/1104 New York tile=813_-1478 rebuilt (try 1) places 30 → 58 · storied OSM 14 → 8
[gate-tiles] 64/1104 New York tile=813_-1477 rebuilt (try 2) places 27 → 51 · storied OSM 8 → 1
[gate-tiles] 65/1104 New York tile=814_-1484 rebuilt (try 2) places 28 → 44 · storied OSM 5 → 3
[gate-tiles] 66/1104 New York tile=814_-1483 rebuilt (try 3) places 24 → 34 · storied OSM 5 → 4
[gate-tiles] 67/1104 New York tile=814_-1482 rebuilt (try 2) places 25 → 43 · storied OSM 9 → 6
[gate-tiles] 68/1104 New York tile=814_-1481 rebuilt (try 1) places 66 → 96 · storied OSM 49 → 42
[gate-tiles] 69/1104 New York tile=814_-1480 rebuilt (try 4) places 74 → 96 · storied OSM 56 → 53
[gate-tiles] 70/1104 New York tile=814_-1479 rebuilt (try 5) places 40 → 82 · storied OSM 29 → 27
[gate-tiles] 71/1104 New York tile=814_-1478 rebuilt (try 1) places 30 → 60 · storied OSM 15 → 1
[gate-tiles] 72/1104 New York tile=814_-1477 rebuilt (try 3) places 26 → 55 · storied OSM 10 → 7
[gate-tiles] 73/1104 New York tile=815_-1484 rebuilt (try 1) places 33 → 53 · storied OSM 21 → 11
[gate-tiles] 74/1104 New York tile=815_-1483 rebuilt (try 4) places 23 → 37 · storied OSM 15 → 10
[gate-tiles] 75/1104 New York tile=815_-1482 rebuilt (try 3) places 26 → 44 · storied OSM 10 → 7
[gate-tiles] 76/1104 New York tile=815_-1481 rebuilt (try 2) places 45 → 78 · storied OSM 33 → 21
[gate-tiles] 77/1104 New York tile=815_-1480 FAILED after 6 tries — no row now; the next visitor builds it cold (re-run with --resume to retry)
[gate-tiles] 78/1104 New York tile=815_-1479 rebuilt (try 1) places 79 → 103 · storied OSM 61 → 56
[gate-tiles] 79/1104 New York tile=815_-1478 rebuilt (try 1) places 33 → 68 · storied OSM 21 → 13
[gate-tiles] 80/1104 New York tile=815_-1477 rebuilt (try 1) places 35 → 73 · storied OSM 14 → 10
[gate-tiles] 81/1104 New York tile=816_-1484 rebuilt (try 1) places 30 → 64 · storied OSM 17 → 6
[gate-tiles] 82/1104 New York tile=816_-1483 rebuilt (try 4) places 23 → 60 · storied OSM 10 → 4
[gate-tiles] 83/1104 New York tile=816_-1482 rebuilt (try 1) places 21 → 52 · storied OSM 7 → 1
[gate-tiles] 84/1104 New York tile=816_-1481 rebuilt (try 2) places 24 → 40 · storied OSM 5 → 1
[gate-tiles] 85/1104 New York tile=816_-1480 rebuilt (try 1) places 71 → 92 · storied OSM 57 → 51
[gate-tiles] 86/1104 New York tile=816_-1479 rebuilt (try 2) places 65 → 100 · storied OSM 42 → 38
[gate-tiles] 87/1104 New York tile=816_-1478 rebuilt (try 1) places 40 → 71 · storied OSM 26 → 13
[gate-tiles] 88/1104 New York tile=816_-1477 rebuilt (try 4) places 34 → 51 · storied OSM 16 → 6
[gate-tiles] 89/1104 New York tile=817_-1484 rebuilt (try 1) places 47 → 89 · storied OSM 28 → 11
[gate-tiles] 90/1104 New York tile=817_-1483 rebuilt (try 1) places 23 → 73 · storied OSM 11 → 1
[gate-tiles] 91/1104 New York tile=817_-1482 rebuilt (try 1) places 15 → 47 · storied OSM 7 → 3
[gate-tiles] 92/1104 New York tile=817_-1481 rebuilt (try 2) places 20 → 43 · storied OSM 7 → 3
[gate-tiles] 93/1104 New York tile=817_-1480 rebuilt (try 1) places 18 → 51 · storied OSM 10 → 1
[gate-tiles] 94/1104 New York tile=817_-1479 rebuilt (try 1) places 55 → 92 · storied OSM 25 → 18
[gate-tiles] 95/1104 New York tile=817_-1478 rebuilt (try 4) places 51 → 89 · storied OSM 25 → 13
[gate-tiles] 96/1104 New York tile=817_-1477 rebuilt (try 2) places 38 → 49 · storied OSM 20 → 7
[gate-tiles] 97/1104 San Francisco tile=753_-2452 rebuilt (try 1) places 0 → 0 · storied OSM 0 → 0
[gate-tiles] 98/1104 San Francisco tile=753_-2451 rebuilt (try 3) places 5 → 5 · storied OSM 0 → 0
[gate-tiles] 99/1104 San Francisco tile=753_-2450 rebuilt (try 2) places 25 → 54 · storied OSM 10 → 6
[gate-tiles] 100/1104 San Francisco tile=753_-2449 rebuilt (try 1) places 29 → 76 · storied OSM 12 → 10
[gate-tiles] 101/1104 San Francisco tile=753_-2448 rebuilt (try 1) places 22 → 80 · storied OSM 11 → 7
[gate-tiles] 102/1104 San Francisco tile=753_-2447 rebuilt (try 2) places 15 → 19 · storied OSM 4 → 4
[gate-tiles] 103/1104 San Francisco tile=753_-2446 rebuilt (try 1) places 2 → 2 · storied OSM 0 → 0
[gate-tiles] 104/1104 San Francisco tile=754_-2452 rebuilt (try 1) places 1 → 1 · storied OSM 0 → 0
[gate-tiles] 105/1104 San Francisco tile=754_-2451 rebuilt (try 3) places 19 → 19 · storied OSM 0 → 0
[gate-tiles] 106/1104 San Francisco tile=754_-2450 rebuilt (try 2) places 27 → 69 · storied OSM 10 → 6
[gate-tiles] 107/1104 San Francisco tile=754_-2449 rebuilt (try 3) places 27 → 85 · storied OSM 19 → 14
[gate-tiles] 108/1104 San Francisco tile=754_-2448 FAILED after 6 tries — no row now; the next visitor builds it cold (re-run with --resume to retry)
[gate-tiles] 109/1104 San Francisco tile=754_-2447 rebuilt (try 1) places 21 → 27 · storied OSM 8 → 5
[gate-tiles] 110/1104 San Francisco tile=754_-2446 rebuilt (try 5) places 2 → 2 · storied OSM 0 → 0
[gate-tiles] 111/1104 San Francisco tile=755_-2452 rebuilt (try 2) places 3 → 3 · storied OSM 0 → 0
[gate-tiles] 112/1104 San Francisco tile=755_-2451 rebuilt (try 1) places 20 → 25 · storied OSM 7 → 6
[gate-tiles] 113/1104 San Francisco tile=755_-2450 rebuilt (try 1) places 26 → 87 · storied OSM 22 → 17
[gate-tiles] 114/1104 San Francisco tile=755_-2449 rebuilt (try 3) places 40 → 103 · storied OSM 28 → 23
[gate-tiles] 115/1104 San Francisco tile=755_-2448 rebuilt (try 3) places 49 → 89 · storied OSM 31 → 25
[gate-tiles] 116/1104 San Francisco tile=755_-2447 rebuilt (try 1) places 28 → 61 · storied OSM 11 → 8
[gate-tiles] 117/1104 San Francisco tile=755_-2446 rebuilt (try 1) places 15 → 43 · storied OSM 2 → 1
[gate-tiles] 118/1104 San Francisco tile=756_-2452 rebuilt (try 4) places 3 → 3 · storied OSM 0 → 0
[gate-tiles] 119/1104 San Francisco tile=756_-2451 rebuilt (try 1) places 28 → 59 · storied OSM 8 → 4
[gate-tiles] 120/1104 San Francisco tile=756_-2450 rebuilt (try 1) places 45 → 104 · storied OSM 27 → 20
[gate-tiles] 121/1104 San Francisco tile=756_-2449 rebuilt (try 1) places 72 → 120 · storied OSM 51 → 47
[gate-tiles] 122/1104 San Francisco tile=756_-2448 FAILED after 6 tries — no row now; the next visitor builds it cold (re-run with --resume to retry)
[gate-tiles] 123/1104 San Francisco tile=756_-2447 rebuilt (try 2) places 36 → 68 · storied OSM 16 → 16
[gate-tiles] 124/1104 San Francisco tile=756_-2446 rebuilt (try 1) places 24 → 71 · storied OSM 13 → 13
[gate-tiles] 125/1104 San Francisco tile=757_-2452 rebuilt (try 1) places 15 → 29 · storied OSM 1 → 0
[gate-tiles] 126/1104 San Francisco tile=757_-2451 rebuilt (try 1) places 24 → 50 · storied OSM 5 → 0
[gate-tiles] 127/1104 San Francisco tile=757_-2450 rebuilt (try 2) places 80 → 80 · storied OSM 9 → 9
[gate-tiles] 128/1104 San Francisco tile=757_-2449 rebuilt (try 2) places 25 → 65 · storied OSM 11 → 8
[gate-tiles] 129/1104 San Francisco tile=757_-2448 rebuilt (try 4) places 20 → 32 · storied OSM 1 → 1
[gate-tiles] 130/1104 San Francisco tile=757_-2447 rebuilt (try 4) places 22 → 41 · storied OSM 3 → 0
[gate-tiles] 131/1104 San Francisco tile=757_-2446 rebuilt (try 2) places 36 → 73 · storied OSM 17 → 9
[gate-tiles] 132/1104 San Francisco tile=758_-2452 rebuilt (try 1) places 23 → 48 · storied OSM 3 → 2
[gate-tiles] 133/1104 San Francisco tile=758_-2451 rebuilt (try 1) places 23 → 62 · storied OSM 4 → 1
[gate-tiles] 134/1104 San Francisco tile=758_-2450 rebuilt (try 2) places 30 → 67 · storied OSM 14 → 8
[gate-tiles] 135/1104 San Francisco tile=758_-2449 rebuilt (try 1) places 21 → 40 · storied OSM 7 → 1
[gate-tiles] 136/1104 San Francisco tile=758_-2448 rebuilt (try 1) places 22 → 33 · storied OSM 6 → 4
[gate-tiles] 137/1104 San Francisco tile=758_-2447 rebuilt (try 1) places 63 → 63 · storied OSM 5 → 5
[gate-tiles] 138/1104 San Francisco tile=758_-2446 rebuilt (try 1) places 38 → 90 · storied OSM 16 → 6
[gate-tiles] 139/1104 Seattle tile=949_-2451 rebuilt (try 1) places 6 → 26 · storied OSM 0 → 0
[gate-tiles] 140/1104 Seattle tile=949_-2450 FAILED after 6 tries — no row now; the next visitor builds it cold (re-run with --resume to retry)
[gate-tiles] 141/1104 Seattle tile=949_-2449 rebuilt (try 1) places 11 → 47 · storied OSM 2 → 1
[gate-tiles] 142/1104 Seattle tile=949_-2448 rebuilt (try 1) places 14 → 25 · storied OSM 2 → 1
[gate-tiles] 143/1104 Seattle tile=949_-2447 rebuilt (try 4) places 17 → 58 · storied OSM 4 → 3
[gate-tiles] 144/1104 Seattle tile=949_-2446 rebuilt (try 1) places 15 → 68 · storied OSM 5 → 2
[gate-tiles] 145/1104 Seattle tile=949_-2445 rebuilt (try 2) places 17 → 53 · storied OSM 4 → 2
[gate-tiles] 146/1104 Seattle tile=949_-2444 rebuilt (try 1) places 19 → 69 · storied OSM 7 → 2
[gate-tiles] 147/1104 Seattle tile=949_-2443 rebuilt (try 1) places 13 → 50 · storied OSM 3 → 2
[gate-tiles] 148/1104 Seattle tile=950_-2451 rebuilt (try 1) places 3 → 23 · storied OSM 0 → 0
[gate-tiles] 149/1104 Seattle tile=950_-2450 rebuilt (try 1) places 4 → 28 · storied OSM 1 → 1
[gate-tiles] 150/1104 Seattle tile=950_-2449 rebuilt (try 3) places 11 → 28 · storied OSM 1 → 1
[gate-tiles] 151/1104 Seattle tile=950_-2448 rebuilt (try 4) places 19 → 42 · storied OSM 7 → 7
[gate-tiles] 152/1104 Seattle tile=950_-2447 rebuilt (try 1) places 26 → 69 · storied OSM 15 → 14
[gate-tiles] 153/1104 Seattle tile=950_-2446 rebuilt (try 2) places 26 → 78 · storied OSM 14 → 11
[gate-tiles] 154/1104 Seattle tile=950_-2445 rebuilt (try 1) places 29 → 72 · storied OSM 16 → 8
[gate-tiles] 155/1104 Seattle tile=950_-2444 rebuilt (try 1) places 26 → 72 · storied OSM 9 → 2
[gate-tiles] 156/1104 Seattle tile=950_-2443 rebuilt (try 1) places 21 → 59 · storied OSM 5 → 2
[gate-tiles] 157/1104 Seattle tile=951_-2451 rebuilt (try 4) places 12 → 31 · storied OSM 1 → 1
[gate-tiles] 158/1104 Seattle tile=951_-2450 rebuilt (try 1) places 8 → 25 · storied OSM 2 → 2
[gate-tiles] 159/1104 Seattle tile=951_-2449 rebuilt (try 1) places 22 → 43 · storied OSM 5 → 5
[gate-tiles] 160/1104 Seattle tile=951_-2448 rebuilt (try 1) places 51 → 83 · storied OSM 36 → 34
[gate-tiles] 161/1104 Seattle tile=951_-2447 rebuilt (try 2) places 54 → 93 · storied OSM 36 → 34
[gate-tiles] 162/1104 Seattle tile=951_-2446 rebuilt (try 3) places 47 → 88 · storied OSM 32 → 31
[gate-tiles] 163/1104 Seattle tile=951_-2445 rebuilt (try 2) places 32 → 73 · storied OSM 20 → 18
[gate-tiles] 164/1104 Seattle tile=951_-2444 rebuilt (try 1) places 14 → 59 · storied OSM 4 → 1
[gate-tiles] 165/1104 Seattle tile=951_-2443 rebuilt (try 1) places 15 → 52 · storied OSM 3 → 2
[gate-tiles] 166/1104 Seattle tile=952_-2451 rebuilt (try 2) places 21 → 57 · storied OSM 4 → 4
[gate-tiles] 167/1104 Seattle tile=952_-2450 rebuilt (try 2) places 22 → 55 · storied OSM 3 → 3
[gate-tiles] 168/1104 Seattle tile=952_-2449 rebuilt (try 1) places 27 → 37 · storied OSM 8 → 8
[gate-tiles] 169/1104 Seattle tile=952_-2448 rebuilt (try 2) places 60 → 86 · storied OSM 40 → 32
[gate-tiles] 170/1104 Seattle tile=952_-2447 rebuilt (try 3) places 78 → 102 · storied OSM 58 → 56
[gate-tiles] 171/1104 Seattle tile=952_-2446 rebuilt (try 4) places 81 → 109 · storied OSM 63 → 55
[gate-tiles] 172/1104 Seattle tile=952_-2445 rebuilt (try 2) places 48 → 82 · storied OSM 28 → 24
[gate-tiles] 173/1104 Seattle tile=952_-2444 rebuilt (try 1) places 24 → 75 · storied OSM 9 → 3
[gate-tiles] 174/1104 Seattle tile=952_-2443 rebuilt (try 2) places 22 → 69 · storied OSM 9 → 3
[gate-tiles] 175/1104 Seattle tile=953_-2451 rebuilt (try 6) places 15 → 40 · storied OSM 3 → 3
[gate-tiles] 176/1104 Seattle tile=953_-2450 rebuilt (try 3) places 18 → 44 · storied OSM 4 → 4
[gate-tiles] 177/1104 Seattle tile=953_-2449 rebuilt (try 6) places 24 → 44 · storied OSM 9 → 9
[gate-tiles] 178/1104 Seattle tile=953_-2448 rebuilt (try 2) places 53 → 81 · storied OSM 34 → 30
[gate-tiles] 179/1104 Seattle tile=953_-2447 rebuilt (try 1) places 50 → 92 · storied OSM 29 → 38
[gate-tiles] 180/1104 Seattle tile=953_-2446 FAILED after 6 tries — no row now; the next visitor builds it cold (re-run with --resume to retry)
[gate-tiles] 181/1104 Seattle tile=953_-2445 rebuilt (try 1) places 49 → 74 · storied OSM 23 → 19
[gate-tiles] 182/1104 Seattle tile=953_-2444 rebuilt (try 1) places 21 → 75 · storied OSM 8 → 3
[gate-tiles] 183/1104 Seattle tile=953_-2443 rebuilt (try 1) places 15 → 66 · storied OSM 2 → 2
[gate-tiles] 184/1104 Seattle tile=954_-2451 rebuilt (try 1) places 21 → 42 · storied OSM 6 → 4
[gate-tiles] 185/1104 Seattle tile=954_-2450 rebuilt (try 2) places 14 → 38 · storied OSM 2 → 2
[gate-tiles] 186/1104 Seattle tile=954_-2449 rebuilt (try 5) places 19 → 26 · storied OSM 3 → 3
[gate-tiles] 187/1104 Seattle tile=954_-2448 rebuilt (try 1) places 45 → 83 · storied OSM 24 → 18
[gate-tiles] 188/1104 Seattle tile=954_-2447 rebuilt (try 5) places 47 → 88 · storied OSM 30 → 25
[gate-tiles] 189/1104 Seattle tile=954_-2446 rebuilt (try 2) places 58 → 88 · storied OSM 34 → 28
[gate-tiles] 190/1104 Seattle tile=954_-2445 rebuilt (try 1) places 50 → 95 · storied OSM 19 → 16
[gate-tiles] 191/1104 Seattle tile=954_-2444 rebuilt (try 2) places 22 → 83 · storied OSM 6 → 4
[gate-tiles] 192/1104 Seattle tile=954_-2443 rebuilt (try 1) places 23 → 59 · storied OSM 8 → 3
[gate-tiles] 193/1104 Portland tile=908_-2457 rebuilt (try 4) places 10 → 38 · storied OSM 1 → 0
[gate-tiles] 194/1104 Portland tile=908_-2456 rebuilt (try 2) places 31 → 60 · storied OSM 19 → 3
[gate-tiles] 195/1104 Portland tile=908_-2455 rebuilt (try 1) places 34 → 70 · storied OSM 20 → 4
[gate-tiles] 196/1104 Portland tile=908_-2454 rebuilt (try 3) places 16 → 65 · storied OSM 2 → 1
[gate-tiles] 197/1104 Portland tile=908_-2453 rebuilt (try 2) places 18 → 65 · storied OSM 1 → 0
[gate-tiles] 198/1104 Portland tile=908_-2452 rebuilt (try 1) places 23 → 61 · storied OSM 6 → 3
[gate-tiles] 199/1104 Portland tile=908_-2451 rebuilt (try 1) places 22 → 59 · storied OSM 3 → 0
[gate-tiles] 200/1104 Portland tile=908_-2450 rebuilt (try 1) places 16 → 42 · storied OSM 2 → 0
[gate-tiles] 201/1104 Portland tile=909_-2457 rebuilt (try 3) places 24 → 67 · storied OSM 8 → 7
[gate-tiles] 202/1104 Portland tile=909_-2456 rebuilt (try 2) places 26 → 83 · storied OSM 15 → 14
[gate-tiles] 203/1104 Portland tile=909_-2455 rebuilt (try 1) places 32 → 74 · storied OSM 19 → 13
[gate-tiles] 204/1104 Portland tile=909_-2454 rebuilt (try 3) places 29 → 62 · storied OSM 17 → 13
[gate-tiles] 205/1104 Portland tile=909_-2453 rebuilt (try 1) places 45 → 83 · storied OSM 26 → 15
[gate-tiles] 206/1104 Portland tile=909_-2452 rebuilt (try 6) places 29 → 59 · storied OSM 16 → 9
[gate-tiles] 207/1104 Portland tile=909_-2451 rebuilt (try 2) places 22 → 58 · storied OSM 8 → 8
[gate-tiles] 208/1104 Portland tile=909_-2450 rebuilt (try 2) places 27 → 55 · storied OSM 8 → 1
[gate-tiles] 209/1104 Portland tile=910_-2457 rebuilt (try 5) places 24 → 63 · storied OSM 11 → 9
[gate-tiles] 210/1104 Portland tile=910_-2456 rebuilt (try 5) places 32 → 76 · storied OSM 17 → 11
[gate-tiles] 211/1104 Portland tile=910_-2455 rebuilt (try 2) places 35 → 71 · storied OSM 18 → 11
[gate-tiles] 212/1104 Portland tile=910_-2454 rebuilt (try 3) places 64 → 90 · storied OSM 46 → 36
[gate-tiles] 213/1104 Portland tile=910_-2453 rebuilt (try 2) places 70 → 93 · storied OSM 50 → 42
[gate-tiles] 214/1104 Portland tile=910_-2452 FAILED after 6 tries — no row now; the next visitor builds it cold (re-run with --resume to retry)
[gate-tiles] 215/1104 Portland tile=910_-2451 rebuilt (try 2) places 25 → 60 · storied OSM 13 → 10
[gate-tiles] 216/1104 Portland tile=910_-2450 rebuilt (try 1) places 26 → 53 · storied OSM 11 → 2
[gate-tiles] 217/1104 Portland tile=911_-2457 rebuilt (try 6) places 20 → 56 · storied OSM 3 → 5
[gate-tiles] 218/1104 Portland tile=911_-2456 rebuilt (try 1) places 22 → 53 · storied OSM 4 → 2
[gate-tiles] 219/1104 Portland tile=911_-2455 rebuilt (try 1) places 24 → 77 · storied OSM 8 → 9
[gate-tiles] 220/1104 Portland tile=911_-2454 rebuilt (try 2) places 49 → 95 · storied OSM 29 → 32
[gate-tiles] 221/1104 Portland tile=911_-2453 rebuilt (try 1) places 59 → 89 · storied OSM 37 → 37
[gate-tiles] 222/1104 Portland tile=911_-2452 rebuilt (try 5) places 37 → 74 · storied OSM 12 → 15
[gate-tiles] 223/1104 Portland tile=911_-2451 rebuilt (try 1) places 32 → 70 · storied OSM 7 → 5
[gate-tiles] 224/1104 Portland tile=911_-2450 rebuilt (try 2) places 17 → 49 · storied OSM 8 → 6
[gate-tiles] 225/1104 Portland tile=912_-2457 rebuilt (try 2) places 18 → 51 · storied OSM 2 → 1
[gate-tiles] 226/1104 Portland tile=912_-2456 rebuilt (try 2) places 19 → 57 · storied OSM 2 → 3
[gate-tiles] 227/1104 Portland tile=912_-2455 rebuilt (try 1) places 24 → 74 · storied OSM 8 → 9
[gate-tiles] 228/1104 Portland tile=912_-2454 rebuilt (try 2) places 32 → 79 · storied OSM 16 → 17
[gate-tiles] 229/1104 Portland tile=912_-2453 rebuilt (try 6) places 37 → 80 · storied OSM 20 → 14
[gate-tiles] 230/1104 Portland tile=912_-2452 rebuilt (try 1) places 22 → 57 · storied OSM 11 → 2
[gate-tiles] 231/1104 Portland tile=912_-2451 rebuilt (try 3) places 13 → 55 · storied OSM 3 → 3
[gate-tiles] 232/1104 Portland tile=912_-2450 rebuilt (try 3) places 9 → 41 · storied OSM 0 → 0
[gate-tiles] 233/1104 Portland tile=913_-2457 rebuilt (try 1) places 10 → 17 · storied OSM 2 → 0
[gate-tiles] 234/1104 Portland tile=913_-2456 rebuilt (try 1) places 25 → 37 · storied OSM 6 → 3
[gate-tiles] 235/1104 Portland tile=913_-2455 rebuilt (try 1) places 27 → 36 · storied OSM 8 → 6
[gate-tiles] 236/1104 Portland tile=913_-2454 rebuilt (try 3) places 34 → 80 · storied OSM 17 → 7
[gate-tiles] 237/1104 Portland tile=913_-2453 rebuilt (try 2) places 34 → 81 · storied OSM 18 → 8
[gate-tiles] 238/1104 Portland tile=913_-2452 rebuilt (try 2) places 17 → 49 · storied OSM 7 → 0
[gate-tiles] 239/1104 Portland tile=913_-2451 rebuilt (try 1) places 12 → 44 · storied OSM 6 → 0
[gate-tiles] 240/1104 Portland tile=913_-2450 rebuilt (try 2) places 6 → 43 · storied OSM 1 → 1
[gate-tiles] 241/1104 Denver tile=792_-2103 rebuilt (try 2) places 20 → 48 · storied OSM 4 → 2
[gate-tiles] 242/1104 Denver tile=792_-2102 rebuilt (try 2) places 17 → 45 · storied OSM 2 → 2
[gate-tiles] 243/1104 Denver tile=792_-2101 rebuilt (try 1) places 22 → 45 · storied OSM 4 → 3
[gate-tiles] 244/1104 Denver tile=792_-2100 rebuilt (try 1) places 24 → 50 · storied OSM 2 → 1
[gate-tiles] 245/1104 Denver tile=792_-2099 rebuilt (try 3) places 23 → 43 · storied OSM 3 → 1
[gate-tiles] 246/1104 Denver tile=792_-2098 rebuilt (try 2) places 16 → 50 · storied OSM 4 → 0
[gate-tiles] 247/1104 Denver tile=792_-2097 rebuilt (try 1) places 21 → 52 · storied OSM 6 → 1
[gate-tiles] 248/1104 Denver tile=792_-2096 rebuilt (try 1) places 19 → 48 · storied OSM 6 → 1
[gate-tiles] 249/1104 Denver tile=793_-2103 rebuilt (try 1) places 25 → 60 · storied OSM 2 → 2
[gate-tiles] 250/1104 Denver tile=793_-2102 rebuilt (try 1) places 16 → 56 · storied OSM 2 → 1
[gate-tiles] 251/1104 Denver tile=793_-2101 rebuilt (try 1) places 18 → 51 · storied OSM 2 → 1
[gate-tiles] 252/1104 Denver tile=793_-2100 rebuilt (try 3) places 22 → 53 · storied OSM 6 → 2
[gate-tiles] 253/1104 Denver tile=793_-2099 rebuilt (try 4) places 25 → 57 · storied OSM 2 → 0
[gate-tiles] build gate-tiles 2026-10-04b (#509 tile --commit RETIRED; new --rebuild = delete + live rebuild with retries, no gating; GATE_METRO filter; carries #506 timeouts; roster unchanged (26)) — carries #356 grave-identity rung + MONOTONIC GRAVE BANK (#357-style deterministic reuse) + multi-query recall + title⊆name nickname match + --rewarm. #363 adds --prime-graves: resolve a supplied grave list ONCE, paced, out of band, and bank each confident hit so a later --rewarm bakes it onto the real OSM plot without the per-tile rate-limit fight.
[gate-tiles] function cacheVersion=v34  commit=false  gen=false  metros=ALL  reads=anon writes=service-role
[gate-tiles] 26 metro(s) → 1139 unique tiles (metroKm=15, tileDeg=0.05)
[gate-tiles] --rebuild --resume: 295 tile(s) in checkpoint (276 rebuilt — skipped; the rest retry).
[gate-tiles] --rebuild: 863 of 1139 tile(s) to rebuild (≈453 min at ~30 s a tile). Each: delete → live rebuild → verify the new row (up to 6 tries, 30 s apart). No gating, nothing baked.
[gate-tiles] 1/863 Chicago tile=835_-1754 rebuilt (try 3) places 53 → 53 · storied OSM 2 → 2
[gate-tiles] 2/863 Chicago tile=836_-1753 rebuilt (try 2) places 82 → 82 · storied OSM 31 → 31
[gate-tiles] 3/863 Chicago tile=837_-1749 rebuilt (try 1) places 0 → 0 · storied OSM 0 → 0
[gate-tiles] 4/863 Chicago tile=840_-1749 rebuilt (try 5) places — → 0 · storied OSM — → 0
[gate-tiles] 5/863 New York tile=813_-1483 rebuilt (try 1) places — → 52 · storied OSM — → 9
[gate-tiles] 6/863 New York tile=813_-1479 rebuilt (try 1) places — → 77 · storied OSM — → 18
[gate-tiles] 7/863 New York tile=815_-1480 rebuilt (try 1) places — → 112 · storied OSM — → 60
[gate-tiles] 8/863 San Francisco tile=754_-2448 rebuilt (try 2) places — → 58 · storied OSM — → 7
[gate-tiles] 9/863 San Francisco tile=756_-2448 rebuilt (try 2) places — → 108 · storied OSM — → 55
[gate-tiles] 10/863 Seattle tile=949_-2450 rebuilt (try 1) places — → 45 · storied OSM — → 1
[gate-tiles] 11/863 Seattle tile=953_-2446 rebuilt (try 2) places — → 99 · storied OSM — → 41
[gate-tiles] 12/863 Portland tile=910_-2452 rebuilt (try 2) places — → 81 · storied OSM — → 20
[gate-tiles] 13/863 Denver tile=793_-2098 rebuilt (try 1) places 66 → 66 · storied OSM 0 → 0
[gate-tiles] 14/863 Denver tile=793_-2097 rebuilt (try 1) places 15 → 59 · storied OSM 4 → 0
[gate-tiles] 15/863 Denver tile=793_-2096 rebuilt (try 3) places 17 → 49 · storied OSM 3 → 0
[gate-tiles] 16/863 Denver tile=794_-2103 rebuilt (try 2) places 21 → 56 · storied OSM 3 → 3
[gate-tiles] 17/863 Denver tile=794_-2102 rebuilt (try 5) places 18 → 60 · storied OSM 5 → 4
[gate-tiles] 18/863 Denver tile=794_-2101 rebuilt (try 2) places 11 → 45 · storied OSM 1 → 0
[gate-tiles] 19/863 Denver tile=794_-2100 rebuilt (try 3) places 33 → 73 · storied OSM 15 → 11
[gate-tiles] 20/863 Denver tile=794_-2099 rebuilt (try 1) places 28 → 66 · storied OSM 10 → 6
[gate-tiles] 21/863 Denver tile=794_-2098 rebuilt (try 2) places 18 → 67 · storied OSM 3 → 3
[gate-tiles] 22/863 Denver tile=794_-2097 rebuilt (try 2) places 15 → 66 · storied OSM 2 → 1
[gate-tiles] 23/863 Denver tile=794_-2096 rebuilt (try 2) places 20 → 67 · storied OSM 2 → 0
[gate-tiles] 24/863 Denver tile=795_-2103 rebuilt (try 1) places 17 → 47 · storied OSM 3 → 3
[gate-tiles] 25/863 Denver tile=795_-2102 rebuilt (try 1) places 18 → 65 · storied OSM 8 → 3
[gate-tiles] 26/863 Denver tile=795_-2101 rebuilt (try 1) places 20 → 73 · storied OSM 8 → 4
[gate-tiles] 27/863 Denver tile=795_-2100 rebuilt (try 1) places 51 → 91 · storied OSM 27 → 17
[gate-tiles] 28/863 Denver tile=795_-2099 rebuilt (try 2) places 46 → 71 · storied OSM 20 → 17
[gate-tiles] 29/863 Denver tile=795_-2098 rebuilt (try 2) places 21 → 56 · storied OSM 6 → 4
[gate-tiles] 30/863 Denver tile=795_-2097 rebuilt (try 2) places 21 → 56 · storied OSM 2 → 0
[gate-tiles] 31/863 Denver tile=795_-2096 rebuilt (try 1) places 17 → 45 · storied OSM 1 → 0
[gate-tiles] 32/863 Denver tile=796_-2103 rebuilt (try 1) places 18 → 51 · storied OSM 2 → 1
[gate-tiles] 33/863 Denver tile=796_-2102 rebuilt (try 2) places 21 → 58 · storied OSM 4 → 2
[gate-tiles] 34/863 Denver tile=796_-2101 rebuilt (try 2) places 22 → 55 · storied OSM 5 → 0
[gate-tiles] 35/863 Denver tile=796_-2100 rebuilt (try 1) places 19 → 51 · storied OSM 6 → 3
[gate-tiles] 36/863 Denver tile=796_-2099 rebuilt (try 3) places 22 → 43 · storied OSM 2 → 1
[gate-tiles] 37/863 Denver tile=796_-2098 rebuilt (try 2) places 15 → 48 · storied OSM 2 → 0
[gate-tiles] 38/863 Denver tile=796_-2097 rebuilt (try 1) places 20 → 49 · storied OSM 1 → 0
[gate-tiles] 39/863 Denver tile=796_-2096 rebuilt (try 2) places 14 → 37 · storied OSM 1 → 0
[gate-tiles] 40/863 Denver tile=797_-2103 rebuilt (try 2) places 20 → 49 · storied OSM 11 → 0
[gate-tiles] 41/863 Denver tile=797_-2102 rebuilt (try 1) places 20 → 50 · storied OSM 4 → 0
[gate-tiles] 42/863 Denver tile=797_-2101 rebuilt (try 5) places 14 → 48 · storied OSM 0 → 0
[gate-tiles] 43/863 Denver tile=797_-2100 rebuilt (try 1) places 12 → 46 · storied OSM 0 → 0
[gate-tiles] 44/863 Denver tile=797_-2099 rebuilt (try 1) places 12 → 40 · storied OSM 1 → 0
[gate-tiles] 45/863 Denver tile=797_-2098 rebuilt (try 1) places 13 → 36 · storied OSM 0 → 0
[gate-tiles] 46/863 Denver tile=797_-2097 rebuilt (try 4) places 4 → 19 · storied OSM 0 → 0
[gate-tiles] 47/863 Denver tile=797_-2096 rebuilt (try 1) places 5 → 33 · storied OSM 0 → 0
[gate-tiles] 48/863 Boston tile=844_-1425 rebuilt (try 3) places 20 → 53 · storied OSM 6 → 4
[gate-tiles] 49/863 Boston tile=844_-1424 rebuilt (try 1) places 16 → 54 · storied OSM 3 → 2
[gate-tiles] 50/863 Boston tile=844_-1423 rebuilt (try 1) places 18 → 61 · storied OSM 3 → 2
[gate-tiles] 51/863 Boston tile=844_-1422 rebuilt (try 1) places 18 → 51 · storied OSM 2 → 1
[gate-tiles] 52/863 Boston tile=844_-1421 rebuilt (try 1) places 25 → 56 · storied OSM 3 → 3
[gate-tiles] 53/863 Boston tile=844_-1420 rebuilt (try 1) places 26 → 59 · storied OSM 6 → 4
[gate-tiles] 54/863 Boston tile=844_-1419 rebuilt (try 1) places 28 → 68 · storied OSM 5 → 4
[gate-tiles] 55/863 Boston tile=844_-1418 rebuilt (try 2) places 15 → 51 · storied OSM 2 → 0
[gate-tiles] 56/863 Boston tile=845_-1425 rebuilt (try 1) places 25 → 54 · storied OSM 5 → 3
[gate-tiles] 57/863 Boston tile=845_-1424 rebuilt (try 2) places 30 → 62 · storied OSM 6 → 5
[gate-tiles] 58/863 Boston tile=845_-1423 rebuilt (try 2) places 28 → 58 · storied OSM 11 → 9
[gate-tiles] 59/863 Boston tile=845_-1422 rebuilt (try 2) places 24 → 63 · storied OSM 11 → 6
[gate-tiles] 60/863 Boston tile=845_-1421 rebuilt (try 1) places 37 → 73 · storied OSM 18 → 14
[gate-tiles] 61/863 Boston tile=845_-1420 rebuilt (try 3) places 36 → 68 · storied OSM 15 → 10
[gate-tiles] 62/863 Boston tile=845_-1419 rebuilt (try 1) places 28 → 54 · storied OSM 8 → 6
[gate-tiles] 63/863 Boston tile=845_-1418 rebuilt (try 2) places 27 → 52 · storied OSM 8 → 6
[gate-tiles] 64/863 Boston tile=846_-1425 rebuilt (try 2) places 37 → 71 · storied OSM 22 → 14
[gate-tiles] 65/863 Boston tile=846_-1424 rebuilt (try 1) places 43 → 77 · storied OSM 27 → 16
[gate-tiles] 66/863 Boston tile=846_-1423 rebuilt (try 3) places 45 → 78 · storied OSM 25 → 23
[gate-tiles] 67/863 Boston tile=846_-1422 rebuilt (try 3) places 48 → 78 · storied OSM 31 → 19
[gate-tiles] 68/863 Boston tile=846_-1421 rebuilt (try 2) places 35 → 68 · storied OSM 19 → 13
[gate-tiles] 69/863 Boston tile=846_-1420 rebuilt (try 1) places 36 → 58 · storied OSM 18 → 7
[gate-tiles] 70/863 Boston tile=846_-1419 rebuilt (try 2) places 32 → 50 · storied OSM 14 → 11
[gate-tiles] 71/863 Boston tile=846_-1418 rebuilt (try 1) places 32 → 48 · storied OSM 14 → 11
[gate-tiles] 72/863 Boston tile=847_-1425 rebuilt (try 3) places 43 → 81 · storied OSM 25 → 17
[gate-tiles] 73/863 Boston tile=847_-1424 rebuilt (try 1) places 64 → 85 · storied OSM 46 → 19
[gate-tiles] 74/863 Boston tile=847_-1423 rebuilt (try 1) places 57 → 86 · storied OSM 42 → 32
[gate-tiles] 75/863 Boston tile=847_-1422 rebuilt (try 1) places 68 → 102 · storied OSM 49 → 48
[gate-tiles] 76/863 Boston tile=847_-1421 rebuilt (try 3) places 70 → 97 · storied OSM 50 → 41
[gate-tiles] 77/863 Boston tile=847_-1420 rebuilt (try 1) places 48 → 90 · storied OSM 33 → 21
[gate-tiles] 78/863 Boston tile=847_-1419 rebuilt (try 1) places 30 → 49 · storied OSM 10 → 8
[gate-tiles] 79/863 Boston tile=847_-1418 rebuilt (try 2) places 30 → 37 · storied OSM 10 → 8
[gate-tiles] 80/863 Boston tile=848_-1425 rebuilt (try 1) places 30 → 83 · storied OSM 12 → 10
[gate-tiles] 81/863 Boston tile=848_-1424 rebuilt (try 2) places 38 → 89 · storied OSM 26 → 21
[gate-tiles] 82/863 Boston tile=848_-1423 rebuilt (try 4) places 55 → 103 · storied OSM 36 → 30
[gate-tiles] 83/863 Boston tile=848_-1422 rebuilt (try 4) places 49 → 95 · storied OSM 29 → 26
[gate-tiles] 84/863 Boston tile=848_-1421 rebuilt (try 5) places 43 → 83 · storied OSM 26 → 20
[gate-tiles] 85/863 Boston tile=848_-1420 rebuilt (try 2) places 48 → 91 · storied OSM 34 → 21
[gate-tiles] 86/863 Boston tile=848_-1419 rebuilt (try 1) places 23 → 54 · storied OSM 7 → 2
[gate-tiles] 87/863 Boston tile=848_-1418 rebuilt (try 1) places 18 → 24 · storied OSM 1 → 0
[gate-tiles] 88/863 Boston tile=849_-1425 rebuilt (try 2) places 31 → 85 · storied OSM 11 → 10
[gate-tiles] 89/863 Boston tile=849_-1424 rebuilt (try 1) places 35 → 88 · storied OSM 17 → 16
[gate-tiles] 90/863 Boston tile=849_-1423 rebuilt (try 2) places 39 → 87 · storied OSM 17 → 16
[gate-tiles] 91/863 Boston tile=849_-1422 rebuilt (try 1) places 37 → 88 · storied OSM 19 → 14
[gate-tiles] 92/863 Boston tile=849_-1421 rebuilt (try 2) places 27 → 82 · storied OSM 12 → 6
[gate-tiles] 93/863 Boston tile=849_-1420 rebuilt (try 1) places 20 → 68 · storied OSM 9 → 4
[gate-tiles] 94/863 Boston tile=849_-1419 rebuilt (try 2) places 31 → 62 · storied OSM 10 → 6
[gate-tiles] 95/863 Boston tile=849_-1418 rebuilt (try 5) places 25 → 52 · storied OSM 6 → 3
[gate-tiles] 96/863 Washington, D.C. tile=777_-1543 rebuilt (try 1) places 72 → 72 · storied OSM 7 → 7
[gate-tiles] 97/863 Washington, D.C. tile=778_-1541 rebuilt (try 3) places 101 → 101 · storied OSM 39 → 39
[gate-tiles] 98/863 Washington, D.C. tile=779_-1543 rebuilt (try 2) places 77 → 77 · storied OSM 7 → 7
[gate-tiles] 99/863 Washington, D.C. tile=779_-1541 rebuilt (try 1) places 86 → 86 · storied OSM 34 → 34
[gate-tiles] 100/863 Washington, D.C. tile=779_-1539 rebuilt (try 3) places 65 → 65 · storied OSM 12 → 12
[gate-tiles] 101/863 Washington, D.C. tile=780_-1543 rebuilt (try 1) places 70 → 70 · storied OSM 5 → 5
[gate-tiles] 102/863 Washington, D.C. tile=780_-1542 rebuilt (try 3) places 67 → 67 · storied OSM 14 → 14
[gate-tiles] 103/863 Philadelphia tile=796_-1507 rebuilt (try 3) places 15 → 15 · storied OSM 0 → 0
[gate-tiles] 104/863 Philadelphia tile=796_-1506 rebuilt (try 1) places 14 → 16 · storied OSM 5 → 5
[gate-tiles] 105/863 Philadelphia tile=796_-1505 rebuilt (try 1) places 12 → 14 · storied OSM 5 → 5
[gate-tiles] 106/863 Philadelphia tile=796_-1504 rebuilt (try 1) places 8 → 19 · storied OSM 3 → 1
[gate-tiles] 107/863 Philadelphia tile=796_-1503 rebuilt (try 1) places 10 → 28 · storied OSM 2 → 1
[gate-tiles] 108/863 Philadelphia tile=796_-1502 rebuilt (try 2) places 10 → 25 · storied OSM 2 → 1
[gate-tiles] 109/863 Philadelphia tile=796_-1501 rebuilt (try 1) places 11 → 28 · storied OSM 2 → 0
[gate-tiles] 110/863 Philadelphia tile=796_-1500 rebuilt (try 1) places 10 → 26 · storied OSM 1 → 0
[gate-tiles] 111/863 Philadelphia tile=797_-1507 rebuilt (try 1) places 23 → 51 · storied OSM 7 → 2
[gate-tiles] 112/863 Philadelphia tile=797_-1506 rebuilt (try 2) places 22 → 43 · storied OSM 10 → 5
[gate-tiles] 113/863 Philadelphia tile=797_-1505 rebuilt (try 1) places 18 → 25 · storied OSM 7 → 5
[gate-tiles] 114/863 Philadelphia tile=797_-1504 rebuilt (try 2) places 21 → 41 · storied OSM 7 → 4
[gate-tiles] 115/863 Philadelphia tile=797_-1503 rebuilt (try 1) places 22 → 31 · storied OSM 10 → 9
[gate-tiles] 116/863 Philadelphia tile=797_-1502 rebuilt (try 1) places 16 → 24 · storied OSM 7 → 2
[gate-tiles] 117/863 Philadelphia tile=797_-1501 rebuilt (try 4) places 10 → 26 · storied OSM 2 → 1
[gate-tiles] 118/863 Philadelphia tile=797_-1500 rebuilt (try 1) places 11 → 29 · storied OSM 0 → 0
[gate-tiles] 119/863 Philadelphia tile=798_-1507 rebuilt (try 1) places 15 → 50 · storied OSM 4 → 2
[gate-tiles] 120/863 Philadelphia tile=798_-1506 rebuilt (try 2) places 8 → 33 · storied OSM 6 → 3
[gate-tiles] 121/863 Philadelphia tile=798_-1505 rebuilt (try 1) places 16 → 43 · storied OSM 9 → 5
[gate-tiles] 122/863 Philadelphia tile=798_-1504 rebuilt (try 1) places 35 → 78 · storied OSM 17 → 10
[gate-tiles] 123/863 Philadelphia tile=798_-1503 rebuilt (try 1) places 39 → 87 · storied OSM 21 → 16
[gate-tiles] 124/863 Philadelphia tile=798_-1502 rebuilt (try 2) places 12 → 29 · storied OSM 5 → 4
[gate-tiles] 125/863 Philadelphia tile=798_-1501 rebuilt (try 3) places 18 → 46 · storied OSM 5 → 2
[gate-tiles] 126/863 Philadelphia tile=798_-1500 rebuilt (try 1) places 14 → 44 · storied OSM 1 → 1
[gate-tiles] 127/863 Philadelphia tile=799_-1507 rebuilt (try 1) places 19 → 44 · storied OSM 10 → 4
[gate-tiles] 128/863 Philadelphia tile=799_-1506 rebuilt (try 1) places 13 → 51 · storied OSM 10 → 6
[gate-tiles] 129/863 Philadelphia tile=799_-1505 rebuilt (try 2) places 23 → 63 · storied OSM 12 → 7
[gate-tiles] 130/863 Philadelphia tile=799_-1504 rebuilt (try 2) places 52 → 100 · storied OSM 32 → 26
[gate-tiles] 131/863 Philadelphia tile=799_-1503 rebuilt (try 4) places 52 → 99 · storied OSM 32 → 24
[gate-tiles] 132/863 Philadelphia tile=799_-1502 rebuilt (try 1) places 41 → 85 · storied OSM 26 → 22
[gate-tiles] 133/863 Philadelphia tile=799_-1501 rebuilt (try 4) places 11 → 29 · storied OSM 4 → 2
[gate-tiles] 134/863 Philadelphia tile=799_-1500 rebuilt (try 1) places 13 → 30 · storied OSM 3 → 0
[gate-tiles] 135/863 Philadelphia tile=800_-1507 rebuilt (try 1) places 24 → 63 · storied OSM 7 → 5
[gate-tiles] 136/863 Philadelphia tile=800_-1506 rebuilt (try 2) places 33 → 75 · storied OSM 15 → 7
[gate-tiles] 137/863 Philadelphia tile=800_-1505 rebuilt (try 1) places 37 → 88 · storied OSM 22 → 12
[gate-tiles] 138/863 Philadelphia tile=800_-1504 rebuilt (try 2) places 38 → 101 · storied OSM 20 → 20
[gate-tiles] 139/863 Philadelphia tile=800_-1503 rebuilt (try 2) places 33 → 96 · storied OSM 17 → 15
[gate-tiles] 140/863 Philadelphia tile=800_-1502 rebuilt (try 3) places 21 → 58 · storied OSM 10 → 6
[gate-tiles] 141/863 Philadelphia tile=800_-1501 rebuilt (try 1) places 17 → 38 · storied OSM 4 → 1
[gate-tiles] 142/863 Philadelphia tile=800_-1500 rebuilt (try 2) places 8 → 24 · storied OSM 2 → 0
[gate-tiles] 143/863 Philadelphia tile=801_-1507 rebuilt (try 1) places 25 → 56 · storied OSM 12 → 7
[gate-tiles] 144/863 Philadelphia tile=801_-1506 rebuilt (try 3) places 24 → 65 · storied OSM 7 → 5
[gate-tiles] 145/863 Philadelphia tile=801_-1505 rebuilt (try 3) places 22 → 77 · storied OSM 13 → 7
[gate-tiles] 146/863 Philadelphia tile=801_-1504 rebuilt (try 1) places 33 → 96 · storied OSM 15 → 9
[gate-tiles] 147/863 Philadelphia tile=801_-1503 rebuilt (try 1) places 34 → 88 · storied OSM 21 → 10
[gate-tiles] 148/863 Philadelphia tile=801_-1502 rebuilt (try 2) places 23 → 73 · storied OSM 12 → 5
[gate-tiles] 149/863 Philadelphia tile=801_-1501 rebuilt (try 2) places 16 → 54 · storied OSM 8 → 2
[gate-tiles] 150/863 Philadelphia tile=801_-1500 rebuilt (try 3) places 17 → 31 · storied OSM 9 → 3
[gate-tiles] 151/863 Atlanta tile=672_-1691 rebuilt (try 1) places 6 → 7 · storied OSM 0 → 0
[gate-tiles] 152/863 Atlanta tile=672_-1690 rebuilt (try 3) places 5 → 5 · storied OSM 0 → 0
[gate-tiles] shared_kv READ timed out after 30 s for places:v34:672_-1689.
[gate-tiles] build gate-tiles 2026-10-04b (#509 tile --commit RETIRED; new --rebuild = delete + live rebuild with retries, no gating; GATE_METRO filter; carries #506 timeouts; roster unchanged (26)) — carries #356 grave-identity rung + MONOTONIC GRAVE BANK (#357-style deterministic reuse) + multi-query recall + title⊆name nickname match + --rewarm. #363 adds --prime-graves: resolve a supplied grave list ONCE, paced, out of band, and bank each confident hit so a later --rewarm bakes it onto the real OSM plot without the per-tile rate-limit fight.
FATAL: SUPABASE_URL required.
[gate-tiles] build gate-tiles 2026-10-04b (#509 tile --commit RETIRED; new --rebuild = delete + live rebuild with retries, no gating; GATE_METRO filter; carries #506 timeouts; roster unchanged (26)) — carries #356 grave-identity rung + MONOTONIC GRAVE BANK (#357-style deterministic reuse) + multi-query recall + title⊆name nickname match + --rewarm. #363 adds --prime-graves: resolve a supplied grave list ONCE, paced, out of band, and bank each confident hit so a later --rewarm bakes it onto the real OSM plot without the per-tile rate-limit fight.
[gate-tiles] function cacheVersion=v34  commit=false  gen=false  metros=ALL  reads=anon writes=service-role
[gate-tiles] 26 metro(s) → 1139 unique tiles (metroKm=15, tileDeg=0.05)
[gate-tiles] --rebuild --resume: 428 tile(s) in checkpoint (428 rebuilt — skipped; the rest retry).
[gate-tiles] --rebuild: 711 of 1139 tile(s) to rebuild (≈373 min at ~30 s a tile). Each: delete → live rebuild → verify the new row (up to 6 tries, 30 s apart). No gating, nothing baked.
[gate-tiles] 1/711 Atlanta tile=672_-1689 rebuilt (try 1) places — → 12 · storied OSM — → 0
[gate-tiles] 2/711 Atlanta tile=672_-1688 rebuilt (try 1) places 9 → 12 · storied OSM 0 → 0
[gate-tiles] 3/711 Atlanta tile=672_-1687 rebuilt (try 1) places 14 → 21 · storied OSM 2 → 1
[gate-tiles] 4/711 Atlanta tile=672_-1686 rebuilt (try 1) places 13 → 18 · storied OSM 1 → 0
[gate-tiles] 5/711 Atlanta tile=672_-1685 rebuilt (try 1) places 2 → 5 · storied OSM 0 → 0
[gate-tiles] 6/711 Atlanta tile=673_-1691 rebuilt (try 3) places 5 → 10 · storied OSM 0 → 0
[gate-tiles] 7/711 Atlanta tile=673_-1690 rebuilt (try 1) places 17 → 26 · storied OSM 0 → 0
[gate-tiles] 8/711 Atlanta tile=673_-1689 rebuilt (try 2) places 12 → 64 · storied OSM 3 → 3
[gate-tiles] 9/711 Atlanta tile=673_-1688 rebuilt (try 6) places 14 → 65 · storied OSM 3 → 4
[gate-tiles] 10/711 Atlanta tile=673_-1687 rebuilt (try 4) places 15 → 31 · storied OSM 1 → 1
[gate-tiles] 11/711 Atlanta tile=673_-1686 rebuilt (try 2) places 17 → 19 · storied OSM 0 → 0
[gate-tiles] 12/711 Atlanta tile=673_-1685 rebuilt (try 4) places 10 → 11 · storied OSM 0 → 0
[gate-tiles] 13/711 Atlanta tile=674_-1691 FAILED after 6 tries — no row now; the next visitor builds it cold (re-run with --resume to retry)
[gate-tiles] 14/711 Atlanta tile=674_-1690 rebuilt (try 1) places 22 → 33 · storied OSM 2 → 1
[gate-tiles] 15/711 Atlanta tile=674_-1689 rebuilt (try 1) places 21 → 30 · storied OSM 2 → 1
[gate-tiles] 16/711 Atlanta tile=674_-1688 rebuilt (try 2) places 25 → 36 · storied OSM 2 → 2
[gate-tiles] 17/711 Atlanta tile=674_-1687 rebuilt (try 1) places 25 → 44 · storied OSM 6 → 4
[gate-tiles] 18/711 Atlanta tile=674_-1686 FAILED after 6 tries — no row now; the next visitor builds it cold (re-run with --resume to retry)
[gate-tiles] 19/711 Atlanta tile=674_-1685 FAILED after 6 tries — no row now; the next visitor builds it cold (re-run with --resume to retry)
[gate-tiles] 20/711 Atlanta tile=675_-1691 rebuilt (try 2) places 21 → 24 · storied OSM 3 → 2
[gate-tiles] 21/711 Atlanta tile=675_-1690 rebuilt (try 2) places 19 → 23 · storied OSM 2 → 1
[gate-tiles] 22/711 Atlanta tile=675_-1689 rebuilt (try 2) places 22 → 55 · storied OSM 12 → 4
[gate-tiles] 23/711 Atlanta tile=675_-1688 rebuilt (try 2) places 55 → 85 · storied OSM 37 → 21
[gate-tiles] 24/711 Atlanta tile=675_-1687 rebuilt (try 3) places 52 → 92 · storied OSM 37 → 18
[gate-tiles] 25/711 Atlanta tile=675_-1686 rebuilt (try 1) places 26 → 67 · storied OSM 6 → 1
[gate-tiles] 26/711 Atlanta tile=675_-1685 rebuilt (try 3) places 19 → 32 · storied OSM 1 → 0
[gate-tiles] 27/711 Atlanta tile=676_-1691 rebuilt (try 1) places 22 → 27 · storied OSM 4 → 3
[gate-tiles] 28/711 Atlanta tile=676_-1690 rebuilt (try 1) places 18 → 40 · storied OSM 3 → 1
[gate-tiles] 29/711 Atlanta tile=676_-1689 rebuilt (try 1) places 22 → 45 · storied OSM 6 → 2
[gate-tiles] 30/711 Atlanta tile=676_-1688 rebuilt (try 1) places 53 → 87 · storied OSM 39 → 29
[gate-tiles] 31/711 Atlanta tile=676_-1687 rebuilt (try 2) places 33 → 74 · storied OSM 21 → 16
[gate-tiles] 32/711 Atlanta tile=676_-1686 rebuilt (try 1) places 24 → 76 · storied OSM 5 → 4
[gate-tiles] 33/711 Atlanta tile=676_-1685 rebuilt (try 1) places 13 → 33 · storied OSM 0 → 0
[gate-tiles] 34/711 Atlanta tile=677_-1691 rebuilt (try 2) places 16 → 25 · storied OSM 4 → 1
[gate-tiles] 35/711 Atlanta tile=677_-1690 rebuilt (try 2) places 22 → 42 · storied OSM 3 → 1
[gate-tiles] 36/711 Atlanta tile=677_-1689 rebuilt (try 2) places 15 → 37 · storied OSM 2 → 0
[gate-tiles] 37/711 Atlanta tile=677_-1688 rebuilt (try 2) places 34 → 39 · storied OSM 11 → 5
[gate-tiles] 38/711 Atlanta tile=677_-1687 rebuilt (try 1) places 29 → 55 · storied OSM 8 → 3
[gate-tiles] 39/711 Atlanta tile=677_-1686 rebuilt (try 3) places 18 → 48 · storied OSM 4 → 1
[gate-tiles] 40/711 Atlanta tile=677_-1685 rebuilt (try 3) places 10 → 29 · storied OSM 0 → 0
[gate-tiles] 41/711 Houston tile=593_-1911 rebuilt (try 1) places 13 → 27 · storied OSM 2 → 0
[gate-tiles] 42/711 Houston tile=593_-1910 rebuilt (try 1) places 23 → 41 · storied OSM 2 → 1
[gate-tiles] 43/711 Houston tile=593_-1909 rebuilt (try 2) places 25 → 46 · storied OSM 4 → 1
[gate-tiles] 44/711 Houston tile=593_-1908 rebuilt (try 1) places 22 → 32 · storied OSM 4 → 2
[gate-tiles] 45/711 Houston tile=593_-1907 rebuilt (try 1) places 14 → 27 · storied OSM 3 → 1
[gate-tiles] 46/711 Houston tile=593_-1906 rebuilt (try 1) places 15 → 22 · storied OSM 3 → 2
[gate-tiles] 47/711 Houston tile=593_-1905 rebuilt (try 1) places 16 → 29 · storied OSM 4 → 2
[gate-tiles] 48/711 Houston tile=594_-1911 rebuilt (try 2) places 23 → 45 · storied OSM 5 → 0
[gate-tiles] 49/711 Houston tile=594_-1910 rebuilt (try 2) places 24 → 43 · storied OSM 6 → 0
[gate-tiles] 50/711 Houston tile=594_-1909 rebuilt (try 3) places 22 → 52 · storied OSM 12 → 0
[gate-tiles] 51/711 Houston tile=594_-1908 rebuilt (try 1) places 35 → 88 · storied OSM 20 → 17
[gate-tiles] 52/711 Houston tile=594_-1907 rebuilt (try 1) places 26 → 66 · storied OSM 11 → 6
[gate-tiles] 53/711 Houston tile=594_-1906 rebuilt (try 1) places 23 → 40 · storied OSM 6 → 3
[gate-tiles] 54/711 Houston tile=594_-1905 rebuilt (try 2) places 16 → 49 · storied OSM 4 → 2
[gate-tiles] 55/711 Houston tile=595_-1911 rebuilt (try 1) places 25 → 51 · storied OSM 3 → 1
[gate-tiles] 56/711 Houston tile=595_-1910 rebuilt (try 1) places 24 → 43 · storied OSM 8 → 2
[gate-tiles] 57/711 Houston tile=595_-1909 rebuilt (try 1) places 31 → 59 · storied OSM 14 → 4
[gate-tiles] 58/711 Houston tile=595_-1908 rebuilt (try 3) places 42 → 91 · storied OSM 23 → 15
[gate-tiles] 59/711 Houston tile=595_-1907 rebuilt (try 1) places 35 → 81 · storied OSM 16 → 12
[gate-tiles] 60/711 Houston tile=595_-1906 rebuilt (try 1) places 12 → 52 · storied OSM 5 → 0
[gate-tiles] 61/711 Houston tile=595_-1905 rebuilt (try 1) places 16 → 37 · storied OSM 5 → 0
[gate-tiles] 62/711 Houston tile=596_-1911 rebuilt (try 2) places 23 → 47 · storied OSM 6 → 2
[gate-tiles] 63/711 Houston tile=596_-1910 rebuilt (try 1) places 20 → 38 · storied OSM 4 → 0
[gate-tiles] 64/711 Houston tile=596_-1909 rebuilt (try 1) places 25 → 55 · storied OSM 9 → 5
[gate-tiles] 65/711 Houston tile=596_-1908 rebuilt (try 4) places 29 → 73 · storied OSM 12 → 5
[gate-tiles] 66/711 Houston tile=596_-1907 rebuilt (try 1) places 20 → 64 · storied OSM 13 → 6
[gate-tiles] 67/711 Houston tile=596_-1906 rebuilt (try 1) places 10 → 42 · storied OSM 1 → 0
[gate-tiles] 68/711 Houston tile=596_-1905 rebuilt (try 4) places 7 → 16 · storied OSM 1 → 0
[gate-tiles] 69/711 Houston tile=597_-1911 rebuilt (try 2) places 12 → 19 · storied OSM 1 → 1
[gate-tiles] 70/711 Houston tile=597_-1910 rebuilt (try 1) places 15 → 26 · storied OSM 1 → 1
[gate-tiles] 71/711 Houston tile=597_-1909 rebuilt (try 1) places 17 → 33 · storied OSM 3 → 0
[gate-tiles] 72/711 Houston tile=597_-1908 rebuilt (try 1) places 18 → 31 · storied OSM 4 → 1
[gate-tiles] 73/711 Houston tile=597_-1907 rebuilt (try 2) places 13 → 29 · storied OSM 1 → 0
[gate-tiles] 74/711 Houston tile=597_-1906 rebuilt (try 2) places 11 → 24 · storied OSM 1 → 1
[gate-tiles] 75/711 Houston tile=597_-1905 rebuilt (try 1) places 6 → 12 · storied OSM 0 → 0
[gate-tiles] 76/711 Houston tile=598_-1911 rebuilt (try 1) places 3 → 22 · storied OSM 0 → 0
[gate-tiles] 77/711 Houston tile=598_-1910 rebuilt (try 1) places 5 → 23 · storied OSM 0 → 0
[gate-tiles] 78/711 Houston tile=598_-1909 rebuilt (try 1) places 8 → 16 · storied OSM 2 → 0
[gate-tiles] 79/711 Houston tile=598_-1908 rebuilt (try 2) places 11 → 17 · storied OSM 1 → 0
[gate-tiles] 80/711 Houston tile=598_-1907 rebuilt (try 1) places 7 → 16 · storied OSM 0 → 0
[gate-tiles] 81/711 Houston tile=598_-1906 rebuilt (try 1) places 8 → 14 · storied OSM 2 → 1
[gate-tiles] 82/711 Houston tile=598_-1905 rebuilt (try 1) places 5 → 5 · storied OSM 1 → 0
[gate-tiles] 83/711 Austin tile=603_-1958 rebuilt (try 1) places 5 → 28 · storied OSM 0 → 0
[gate-tiles] 84/711 Austin tile=603_-1957 rebuilt (try 1) places 4 → 47 · storied OSM 1 → 0
[gate-tiles] 85/711 Austin tile=603_-1956 rebuilt (try 4) places 8 → 48 · storied OSM 2 → 0
[gate-tiles] 86/711 Austin tile=603_-1955 rebuilt (try 2) places 10 → 23 · storied OSM 1 → 1
[gate-tiles] 87/711 Austin tile=603_-1954 rebuilt (try 1) places 21 → 21 · storied OSM 1 → 1
[gate-tiles] 88/711 Austin tile=603_-1953 rebuilt (try 1) places 6 → 15 · storied OSM 0 → 0
[gate-tiles] 89/711 Austin tile=603_-1952 rebuilt (try 1) places 6 → 13 · storied OSM 0 → 0
[gate-tiles] 90/711 Austin tile=604_-1958 rebuilt (try 1) places 3 → 29 · storied OSM 0 → 0
[gate-tiles] 91/711 Austin tile=604_-1957 rebuilt (try 2) places 30 → 30 · storied OSM 0 → 0
[gate-tiles] 92/711 Austin tile=604_-1956 rebuilt (try 2) places 16 → 43 · storied OSM 1 → 0
[gate-tiles] 93/711 Austin tile=604_-1955 rebuilt (try 1) places 22 → 60 · storied OSM 4 → 1
[gate-tiles] 94/711 Austin tile=604_-1954 rebuilt (try 2) places 18 → 46 · storied OSM 5 → 1
[gate-tiles] 95/711 Austin tile=604_-1953 rebuilt (try 3) places 17 → 17 · storied OSM 0 → 0
[gate-tiles] 96/711 Austin tile=604_-1952 rebuilt (try 1) places 4 → 15 · storied OSM 0 → 0
[gate-tiles] 97/711 Austin tile=605_-1958 rebuilt (try 1) places 32 → 32 · storied OSM 0 → 0
[gate-tiles] 98/711 Austin tile=605_-1957 rebuilt (try 2) places 40 → 40 · storied OSM 1 → 1
[gate-tiles] 99/711 Austin tile=605_-1956 rebuilt (try 4) places 67 → 67 · storied OSM 6 → 6
[gate-tiles] 100/711 Austin tile=605_-1955 rebuilt (try 1) places 92 → 92 · storied OSM 21 → 21
[gate-tiles] 101/711 Austin tile=605_-1954 rebuilt (try 2) places 82 → 82 · storied OSM 6 → 6
[gate-tiles] 102/711 Austin tile=605_-1953 rebuilt (try 1) places 12 → 31 · storied OSM 2 → 0
[gate-tiles] 103/711 Austin tile=605_-1952 rebuilt (try 1) places 16 → 16 · storied OSM 0 → 0
[gate-tiles] 104/711 Austin tile=606_-1958 rebuilt (try 2) places 9 → 9 · storied OSM 0 → 0
[gate-tiles] 105/711 Austin tile=606_-1957 rebuilt (try 4) places 14 → 22 · storied OSM 6 → 2
[gate-tiles] 106/711 Austin tile=606_-1956 rebuilt (try 1) places 33 → 71 · storied OSM 17 → 3
[gate-tiles] 107/711 Austin tile=606_-1955 rebuilt (try 2) places 86 → 86 · storied OSM 23 → 23
[gate-tiles] 108/711 Austin tile=606_-1954 rebuilt (try 2) places 31 → 69 · storied OSM 18 → 14
[gate-tiles] 109/711 Austin tile=606_-1953 rebuilt (try 3) places 19 → 44 · storied OSM 3 → 0
[gate-tiles] 110/711 Austin tile=606_-1952 rebuilt (try 2) places 6 → 9 · storied OSM 1 → 0
[gate-tiles] 111/711 Austin tile=607_-1958 rebuilt (try 1) places 15 → 15 · storied OSM 1 → 1
[gate-tiles] 112/711 Austin tile=607_-1957 rebuilt (try 5) places 14 → 20 · storied OSM 1 → 1
[gate-tiles] 113/711 Austin tile=607_-1956 rebuilt (try 1) places 23 → 53 · storied OSM 3 → 2
[gate-tiles] 114/711 Austin tile=607_-1955 rebuilt (try 2) places 61 → 61 · storied OSM 2 → 2
[gate-tiles] 115/711 Austin tile=607_-1954 rebuilt (try 2) places 16 → 46 · storied OSM 5 → 0
[gate-tiles] 116/711 Austin tile=607_-1953 rebuilt (try 1) places 8 → 34 · storied OSM 2 → 1
[gate-tiles] 117/711 Austin tile=607_-1952 rebuilt (try 1) places 6 → 17 · storied OSM 1 → 0
[gate-tiles] 118/711 Austin tile=608_-1958 rebuilt (try 2) places 11 → 26 · storied OSM 3 → 3
[gate-tiles] 119/711 Austin tile=608_-1957 rebuilt (try 2) places 9 → 19 · storied OSM 1 → 1
[gate-tiles] 120/711 Austin tile=608_-1956 rebuilt (try 1) places 11 → 36 · storied OSM 2 → 0
[gate-tiles] 121/711 Austin tile=608_-1955 rebuilt (try 2) places 22 → 59 · storied OSM 4 → 0
[gate-tiles] 122/711 Austin tile=608_-1954 rebuilt (try 5) places 19 → 58 · storied OSM 2 → 1
[gate-tiles] 123/711 Austin tile=608_-1953 rebuilt (try 2) places 9 → 43 · storied OSM 2 → 1
[gate-tiles] 124/711 Austin tile=608_-1952 rebuilt (try 3) places 4 → 27 · storied OSM 1 → 0
[gate-tiles] 125/711 Dallas tile=653_-1939 rebuilt (try 1) places 13 → 39 · storied OSM 4 → 3
[gate-tiles] 126/711 Dallas tile=653_-1938 rebuilt (try 1) places 16 → 50 · storied OSM 2 → 0
[gate-tiles] 127/711 Dallas tile=653_-1937 rebuilt (try 1) places 21 → 36 · storied OSM 6 → 3
[gate-tiles] 128/711 Dallas tile=653_-1936 rebuilt (try 1) places 15 → 25 · storied OSM 3 → 3
[gate-tiles] 129/711 Dallas tile=653_-1935 rebuilt (try 1) places 9 → 17 · storied OSM 1 → 1
[gate-tiles] 130/711 Dallas tile=653_-1934 rebuilt (try 2) places 2 → 10 · storied OSM 0 → 0
[gate-tiles] 131/711 Dallas tile=653_-1933 rebuilt (try 1) places 1 → 5 · storied OSM 0 → 0
[gate-tiles] 132/711 Dallas tile=654_-1939 rebuilt (try 1) places 19 → 27 · storied OSM 6 → 4
[gate-tiles] 133/711 Dallas tile=654_-1938 rebuilt (try 1) places 34 → 34 · storied OSM 5 → 5
[gate-tiles] 134/711 Dallas tile=654_-1937 rebuilt (try 1) places 17 → 38 · storied OSM 5 → 3
[gate-tiles] 135/711 Dallas tile=654_-1936 rebuilt (try 1) places 15 → 40 · storied OSM 6 → 6
[gate-tiles] 136/711 Dallas tile=654_-1935 rebuilt (try 2) places 18 → 36 · storied OSM 7 → 6
[gate-tiles] 137/711 Dallas tile=654_-1934 rebuilt (try 2) places 10 → 20 · storied OSM 4 → 4
[gate-tiles] 138/711 Dallas tile=654_-1933 rebuilt (try 1) places 10 → 21 · storied OSM 5 → 5
[gate-tiles] 139/711 Dallas tile=655_-1939 rebuilt (try 1) places 17 → 24 · storied OSM 1 → 1
[gate-tiles] 140/711 Dallas tile=655_-1938 rebuilt (try 1) places 11 → 24 · storied OSM 5 → 3
[gate-tiles] 141/711 Dallas tile=655_-1937 rebuilt (try 1) places 27 → 73 · storied OSM 12 → 2
[gate-tiles] 142/711 Dallas tile=655_-1936 rebuilt (try 2) places 31 → 73 · storied OSM 24 → 16
[gate-tiles] 143/711 Dallas tile=655_-1935 rebuilt (try 1) places 14 → 70 · storied OSM 1 → 1
[gate-tiles] 144/711 Dallas tile=655_-1934 rebuilt (try 5) places 13 → 38 · storied OSM 2 → 1
[gate-tiles] 145/711 Dallas tile=655_-1933 rebuilt (try 2) places 14 → 42 · storied OSM 3 → 1
[gate-tiles] 146/711 Dallas tile=656_-1939 rebuilt (try 1) places 16 → 41 · storied OSM 2 → 1
[gate-tiles] 147/711 Dallas tile=656_-1938 rebuilt (try 1) places 18 → 39 · storied OSM 5 → 3
[gate-tiles] 148/711 Dallas tile=656_-1937 rebuilt (try 1) places 19 → 52 · storied OSM 6 → 4
[gate-tiles] 149/711 Dallas tile=656_-1936 rebuilt (try 1) places 36 → 74 · storied OSM 18 → 15
[gate-tiles] 150/711 Dallas tile=656_-1935 rebuilt (try 1) places 71 → 71 · storied OSM 7 → 7
[gate-tiles] 151/711 Dallas tile=656_-1934 FAILED after 6 tries — no row now; the next visitor builds it cold (re-run with --resume to retry)
[gate-tiles] 152/711 Dallas tile=656_-1933 rebuilt (try 1) places 20 → 48 · storied OSM 7 → 4
[gate-tiles] 153/711 Dallas tile=657_-1939 rebuilt (try 2) places 16 → 59 · storied OSM 2 → 1
[gate-tiles] 154/711 Dallas tile=657_-1938 rebuilt (try 4) places 20 → 51 · storied OSM 3 → 3
[gate-tiles] 155/711 Dallas tile=657_-1937 rebuilt (try 2) places 19 → 68 · storied OSM 9 → 6
[gate-tiles] 156/711 Dallas tile=657_-1936 rebuilt (try 1) places 24 → 69 · storied OSM 6 → 3
[gate-tiles] 157/711 Dallas tile=657_-1935 rebuilt (try 1) places 60 → 60 · storied OSM 2 → 2
[gate-tiles] 158/711 Dallas tile=657_-1934 rebuilt (try 1) places 18 → 47 · storied OSM 4 → 2
[gate-tiles] 159/711 Dallas tile=657_-1933 rebuilt (try 1) places 17 → 38 · storied OSM 4 → 3
[gate-tiles] 160/711 Dallas tile=658_-1939 rebuilt (try 2) places 15 → 40 · storied OSM 6 → 2
[gate-tiles] 161/711 Dallas tile=658_-1938 rebuilt (try 2) places 18 → 59 · storied OSM 3 → 1
[gate-tiles] 162/711 Dallas tile=658_-1937 rebuilt (try 1) places 22 → 45 · storied OSM 6 → 2
[gate-tiles] 163/711 Dallas tile=658_-1936 rebuilt (try 3) places 42 → 42 · storied OSM 2 → 2
[gate-tiles] 164/711 Dallas tile=658_-1935 rebuilt (try 1) places 15 → 56 · storied OSM 3 → 0
[gate-tiles] 165/711 Dallas tile=658_-1934 rebuilt (try 3) places 16 → 33 · storied OSM 4 → 2
[gate-tiles] 166/711 Dallas tile=658_-1933 rebuilt (try 1) places 12 → 43 · storied OSM 5 → 0
[gate-tiles] 167/711 Fort Worth tile=652_-1950 rebuilt (try 1) places 2 → 5 · storied OSM 0 → 0
[gate-tiles] 168/711 Fort Worth tile=652_-1949 rebuilt (try 1) places 3 → 5 · storied OSM 0 → 0
[gate-tiles] 169/711 Fort Worth tile=652_-1948 rebuilt (try 3) places 2 → 21 · storied OSM 0 → 0
[gate-tiles] 170/711 Fort Worth tile=652_-1947 rebuilt (try 1) places 6 → 24 · storied OSM 1 → 1
[gate-tiles] 171/711 Fort Worth tile=652_-1946 rebuilt (try 1) places 14 → 14 · storied OSM 1 → 1
[gate-tiles] 172/711 Fort Worth tile=652_-1945 rebuilt (try 1) places 5 → 8 · storied OSM 0 → 0
[gate-tiles] 173/711 Fort Worth tile=652_-1944 rebuilt (try 2) places 4 → 7 · storied OSM 0 → 0
[gate-tiles] 174/711 Fort Worth tile=653_-1950 rebuilt (try 1) places 6 → 13 · storied OSM 2 → 1
[gate-tiles] 175/711 Fort Worth tile=653_-1949 rebuilt (try 2) places 10 → 20 · storied OSM 5 → 3
[gate-tiles] 176/711 Fort Worth tile=653_-1948 rebuilt (try 2) places 11 → 30 · storied OSM 4 → 4
[gate-tiles] 177/711 Fort Worth tile=653_-1947 rebuilt (try 1) places 14 → 36 · storied OSM 4 → 4
[gate-tiles] 178/711 Fort Worth tile=653_-1946 rebuilt (try 1) places 23 → 23 · storied OSM 4 → 4
[gate-tiles] 179/711 Fort Worth tile=653_-1945 rebuilt (try 1) places 25 → 25 · storied OSM 1 → 1
[gate-tiles] 180/711 Fort Worth tile=653_-1944 rebuilt (try 1) places 31 → 31 · storied OSM 0 → 0
[gate-tiles] 181/711 Fort Worth tile=654_-1950 rebuilt (try 1) places 4 → 11 · storied OSM 0 → 0
[gate-tiles] 182/711 Fort Worth tile=654_-1949 rebuilt (try 1) places 14 → 29 · storied OSM 4 → 2
[gate-tiles] 183/711 Fort Worth tile=654_-1948 rebuilt (try 1) places 24 → 54 · storied OSM 4 → 2
[gate-tiles] 184/711 Fort Worth tile=654_-1947 rebuilt (try 1) places 73 → 73 · storied OSM 4 → 4
[gate-tiles] 185/711 Fort Worth tile=654_-1946 rebuilt (try 1) places 24 → 59 · storied OSM 3 → 0
[gate-tiles] 186/711 Fort Worth tile=654_-1945 rebuilt (try 2) places 17 → 35 · storied OSM 3 → 3
[gate-tiles] 187/711 Fort Worth tile=654_-1944 rebuilt (try 1) places 16 → 43 · storied OSM 3 → 0
[gate-tiles] 188/711 Fort Worth tile=655_-1950 rebuilt (try 1) places 6 → 23 · storied OSM 0 → 0
[gate-tiles] 189/711 Fort Worth tile=655_-1949 rebuilt (try 1) places 19 → 44 · storied OSM 3 → 2
[gate-tiles] 190/711 Fort Worth tile=655_-1948 rebuilt (try 1) places 75 → 75 · storied OSM 16 → 16
[gate-tiles] 191/711 Fort Worth tile=655_-1947 rebuilt (try 1) places 94 → 93 · storied OSM 15 → 15
[gate-tiles] 192/711 Fort Worth tile=655_-1946 rebuilt (try 3) places 35 → 80 · storied OSM 17 → 9
[gate-tiles] 193/711 Fort Worth tile=655_-1945 rebuilt (try 2) places 14 → 39 · storied OSM 3 → 1
[gate-tiles] 194/711 Fort Worth tile=655_-1944 rebuilt (try 1) places 18 → 33 · storied OSM 6 → 1
[gate-tiles] 195/711 Fort Worth tile=656_-1950 rebuilt (try 1) places 7 → 13 · storied OSM 1 → 1
[gate-tiles] 196/711 Fort Worth tile=656_-1949 rebuilt (try 2) places 15 → 45 · storied OSM 4 → 2
[gate-tiles] 197/711 Fort Worth tile=656_-1948 rebuilt (try 3) places 50 → 50 · storied OSM 6 → 6
[gate-tiles] 198/711 Fort Worth tile=656_-1947 rebuilt (try 1) places 28 → 62 · storied OSM 11 → 9
[gate-tiles] 199/711 Fort Worth tile=656_-1946 rebuilt (try 1) places 17 → 45 · storied OSM 5 → 4
[gate-tiles] 200/711 Fort Worth tile=656_-1945 rebuilt (try 2) places 12 → 37 · storied OSM 2 → 0
[gate-tiles] 201/711 Fort Worth tile=656_-1944 rebuilt (try 1) places 31 → 31 · storied OSM 1 → 1
[gate-tiles] 202/711 Fort Worth tile=657_-1950 rebuilt (try 2) places 9 → 9 · storied OSM 1 → 1
[gate-tiles] 203/711 Fort Worth tile=657_-1949 rebuilt (try 4) places 13 → 13 · storied OSM 2 → 2
[gate-tiles] 204/711 Fort Worth tile=657_-1948 rebuilt (try 1) places 11 → 18 · storied OSM 2 → 2
[gate-tiles] 205/711 Fort Worth tile=657_-1947 rebuilt (try 1) places 10 → 14 · storied OSM 1 → 1
[gate-tiles] 206/711 Fort Worth tile=657_-1946 rebuilt (try 1) places 5 → 20 · storied OSM 1 → 0
[gate-tiles] 207/711 Fort Worth tile=657_-1945 rebuilt (try 1) places 11 → 37 · storied OSM 3 → 2
[gate-tiles] 208/711 Fort Worth tile=657_-1944 rebuilt (try 1) places 14 → 46 · storied OSM 3 → 1
[gate-tiles] 209/711 Nashville tile=721_-1739 rebuilt (try 1) places 12 → 20 · storied OSM 1 → 1
[gate-tiles] 210/711 Nashville tile=721_-1738 rebuilt (try 2) places 19 → 28 · storied OSM 2 → 2
[gate-tiles] 211/711 Nashville tile=721_-1737 rebuilt (try 1) places 22 → 25 · storied OSM 3 → 2
[gate-tiles] 212/711 Nashville tile=721_-1736 rebuilt (try 1) places 19 → 24 · storied OSM 2 → 0
[gate-tiles] 213/711 Nashville tile=721_-1735 rebuilt (try 2) places 21 → 32 · storied OSM 1 → 1
[gate-tiles] 214/711 Nashville tile=721_-1734 rebuilt (try 1) places 11 → 31 · storied OSM 1 → 1
[gate-tiles] 215/711 Nashville tile=721_-1733 rebuilt (try 3) places 8 → 18 · storied OSM 0 → 0
[gate-tiles] 216/711 Nashville tile=722_-1739 rebuilt (try 1) places 6 → 9 · storied OSM 0 → 0
[gate-tiles] 217/711 Nashville tile=722_-1738 rebuilt (try 1) places 19 → 26 · storied OSM 3 → 2
[gate-tiles] 218/711 Nashville tile=722_-1737 rebuilt (try 1) places 25 → 27 · storied OSM 7 → 3
[gate-tiles] 219/711 Nashville tile=722_-1736 rebuilt (try 1) places 24 → 34 · storied OSM 6 → 3
[gate-tiles] 220/711 Nashville tile=722_-1735 rebuilt (try 1) places 19 → 35 · storied OSM 2 → 2
[gate-tiles] 221/711 Nashville tile=722_-1734 rebuilt (try 1) places 18 → 29 · storied OSM 0 → 0
[gate-tiles] 222/711 Nashville tile=722_-1733 rebuilt (try 1) places 11 → 15 · storied OSM 0 → 0
[gate-tiles] 223/711 Nashville tile=723_-1739 rebuilt (try 2) places 3 → 24 · storied OSM 0 → 0
[gate-tiles] 224/711 Nashville tile=723_-1738 rebuilt (try 1) places 14 → 40 · storied OSM 1 → 0
[gate-tiles] 225/711 Nashville tile=723_-1737 rebuilt (try 1) places 26 → 41 · storied OSM 4 → 2
[gate-tiles] 226/711 Nashville tile=723_-1736 rebuilt (try 1) places 45 → 82 · storied OSM 22 → 21
[gate-tiles] 227/711 Nashville tile=723_-1735 rebuilt (try 1) places 44 → 85 · storied OSM 20 → 19
[gate-tiles] 228/711 Nashville tile=723_-1734 rebuilt (try 4) places 21 → 35 · storied OSM 6 → 2
[gate-tiles] 229/711 Nashville tile=723_-1733 rebuilt (try 1) places 17 → 22 · storied OSM 1 → 0
[gate-tiles] 230/711 Nashville tile=724_-1739 rebuilt (try 1) places 3 → 4 · storied OSM 0 → 0
[gate-tiles] 231/711 Nashville tile=724_-1738 rebuilt (try 1) places 3 → 5 · storied OSM 0 → 0
[gate-tiles] 232/711 Nashville tile=724_-1737 rebuilt (try 1) places 16 → 24 · storied OSM 1 → 0
[gate-tiles] 233/711 Nashville tile=724_-1736 rebuilt (try 1) places 23 → 49 · storied OSM 8 → 4
[gate-tiles] 234/711 Nashville tile=724_-1735 rebuilt (try 1) places 18 → 36 · storied OSM 3 → 1
[gate-tiles] 235/711 Nashville tile=724_-1734 rebuilt (try 1) places 26 → 47 · storied OSM 6 → 3
[gate-tiles] 236/711 Nashville tile=724_-1733 rebuilt (try 2) places 28 → 36 · storied OSM 10 → 4
[gate-tiles] 237/711 Nashville tile=725_-1739 rebuilt (try 1) places 2 → 12 · storied OSM 0 → 0
[gate-tiles] 238/711 Nashville tile=725_-1738 rebuilt (try 1) places 17 → 17 · storied OSM 0 → 0
[gate-tiles] 239/711 Nashville tile=725_-1737 rebuilt (try 1) places 4 → 8 · storied OSM 0 → 0
[gate-tiles] 240/711 Nashville tile=725_-1736 rebuilt (try 2) places 11 → 11 · storied OSM 0 → 0
[gate-tiles] 241/711 Nashville tile=725_-1735 rebuilt (try 1) places 15 → 19 · storied OSM 0 → 0
[gate-tiles] 242/711 Nashville tile=725_-1734 rebuilt (try 1) places 18 → 23 · storied OSM 0 → 0
[gate-tiles] 243/711 Nashville tile=725_-1733 rebuilt (try 2) places 20 → 24 · storied OSM 0 → 0
[gate-tiles] 244/711 Nashville tile=726_-1739 rebuilt (try 2) places 1 → 1 · storied OSM 0 → 0
[gate-tiles] 245/711 Nashville tile=726_-1738 rebuilt (try 4) places 1 → 9 · storied OSM 0 → 0
[gate-tiles] 246/711 Nashville tile=726_-1737 rebuilt (try 2) places 3 → 5 · storied OSM 0 → 0
[gate-tiles] 247/711 Nashville tile=726_-1736 rebuilt (try 1) places 3 → 3 · storied OSM 0 → 0
[gate-tiles] 248/711 Nashville tile=726_-1735 rebuilt (try 1) places 11 → 11 · storied OSM 0 → 0
[gate-tiles] 249/711 Nashville tile=726_-1734 rebuilt (try 1) places 15 → 20 · storied OSM 0 → 0
[gate-tiles] 250/711 Nashville tile=726_-1733 rebuilt (try 1) places 20 → 27 · storied OSM 1 → 0
[gate-tiles] 251/711 New Orleans tile=596_-1805 rebuilt (try 1) places 2 → 2 · storied OSM 0 → 0
[gate-tiles] 252/711 New Orleans tile=596_-1804 rebuilt (try 2) places 3 → 3 · storied OSM 0 → 0
[gate-tiles] 253/711 New Orleans tile=596_-1803 rebuilt (try 2) places 1 → 11 · storied OSM 1 → 0
[gate-tiles] 254/711 New Orleans tile=596_-1802 rebuilt (try 1) places 2 → 15 · storied OSM 1 → 0
[gate-tiles] 255/711 New Orleans tile=596_-1801 rebuilt (try 2) places 5 → 5 · storied OSM 0 → 0
[gate-tiles] 256/711 New Orleans tile=596_-1800 rebuilt (try 1) places 3 → 3 · storied OSM 0 → 0
[gate-tiles] 257/711 New Orleans tile=596_-1799 rebuilt (try 4) places 2 → 2 · storied OSM 0 → 0
[gate-tiles] 258/711 New Orleans tile=597_-1805 rebuilt (try 3) places 3 → 3 · storied OSM 0 → 0
[gate-tiles] 259/711 New Orleans tile=597_-1804 rebuilt (try 1) places 8 → 8 · storied OSM 1 → 1
[gate-tiles] 260/711 New Orleans tile=597_-1803 rebuilt (try 1) places 7 → 8 · storied OSM 2 → 2
[gate-tiles] 261/711 New Orleans tile=597_-1802 rebuilt (try 1) places 5 → 11 · storied OSM 0 → 0
[gate-tiles] 262/711 New Orleans tile=597_-1801 rebuilt (try 6) places 10 → 15 · storied OSM 3 → 2
[gate-tiles] 263/711 New Orleans tile=597_-1800 rebuilt (try 1) places 10 → 11 · storied OSM 1 → 1
[gate-tiles] 264/711 New Orleans tile=597_-1799 rebuilt (try 1) places 5 → 5 · storied OSM 0 → 0
[gate-tiles] 265/711 New Orleans tile=598_-1805 rebuilt (try 1) places 6 → 9 · storied OSM 1 → 1
[gate-tiles] 266/711 New Orleans tile=598_-1804 rebuilt (try 1) places 16 → 20 · storied OSM 2 → 2
